******************************************************************************
               TMS320C6x Linker Unix v7.2.0                    
******************************************************************************
>> Linked Tue May  3 22:19:54 2011

OUTPUT FILE NAME:   <HelloWorld.out>
ENTRY POINT SYMBOL: "_c_int00"  address: 00029640


MEMORY CONFIGURATION

         name            origin    length      used     unused   attr    fill
----------------------  --------  ---------  --------  --------  ----  --------
  RAM                   00000001   fffffffe  0002a5d4  fffd5a2a  RWIX


SECTION ALLOCATION MAP

 output                                  attributes/
section   page    origin      length       input sections
--------  ----  ----------  ----------   ----------------
.pinit     0    00000004    00000000     UNINITIALIZED

.data      0    00000008    00000000     UNINITIALIZED

.bss       0    00000008    00000000     UNINITIALIZED

.sysmem    0    00000008    00020000     UNINITIALIZED
                  00000008    00000008     rts6700.lib : memory.obj (.sysmem)
                  00000010    0001fff8     --HOLE--

.text      0    00020020    000099c0     
                  00020020    000007e0     rts6700.lib : divd.obj (.text:__divd)
                  00020800    000006c0                 : _printfi.obj (.text:__getarg_diouxp)
                  00020ec0    000005c0                 : _printfi.obj (.text:__setfield)
                  00021480    00000580                 : _printfi.obj (.text:__printfi)
                  00021a00    00000420                 : _printfi.obj (.text:_fcvt)
                  00021e20    00000400     LMS.obj (.text)
                  00022220    00000400     rts6700.lib : _printfi.obj (.text:_ecvt)
                  00022620    000003e0                 : _printfi.obj (.text:__pproc_fge)
                  00022a00    000003e0     main.obj (.text)
                  00022de0    000003c0     rts6700.lib : fputs.obj (.text:_fputs)
                  000231a0    00000380                 : imath64.obj (.text:__divull)
                  00023520    00000380                 : _printfi.obj (.text:__pproc_fwp)
                  000238a0    00000380                 : memory.obj (.text:_free)
                  00023c20    00000360                 : _printfi.obj (.text:__pconv_e)
                  00023f80    00000340                 : frcmpyd_div.obj (.text:__frcmpyd_div)
                  000242c0    00000340                 : fread.obj (.text:_fread)
                  00024600    00000320     CircularBuffer.obj (.text)
                  00024920    000002c0     rts6700.lib : _printfi.obj (.text:__pproc_diouxp)
                  00024be0    000002c0                 : _printfi.obj (.text:__pproc_str)
                  00024ea0    000002a0                 : _printfi.obj (.text:__pconv_g)
                  00025140    00000260                 : imath40.obj (.text:__divul)
                  000253a0    00000240                 : _printfi.obj (.text:__mcpy)
                  000255e0    00000240                 : fopen.obj (.text:__openfile)
                  00025820    00000240                 : memory.obj (.text:_malloc)
                  00025a60    00000240                 : memcpy62.obj (.text:_memcpy)
                  00025ca0    00000220                 : trgdrv.obj (.text:_HOSTrename)
                  00025ec0    00000220                 : lowlev.obj (.text:_open)
                  000260e0    00000200                 : setvbuf.obj (.text:_setvbuf)
                  000262e0    000001e0                 : lowlev.obj (.text:_getdevice)
                  000264c0    000001c0                 : _printfi.obj (.text:__ltostr)
                  00026680    000001a0                 : _bufread.obj (.text:__buff_read)
                  00026820    000001a0                 : _printfi.obj (.text:__pproc_fflags)
                  000269c0    000001a0                 : fputc.obj (.text:_fputc)
                  00026b60    00000180                 : fopen.obj (.text:__search_fp)
                  00026ce0    00000160                 : trgdrv.obj (.text:_HOSTlseek)
                  00026e40    00000160                 : autoinit.obj (.text:__auto_init)
                  00026fa0    00000160                 : fclose.obj (.text:_fclose)
                  00027100    00000140                 : trgdrv.obj (.text:_HOSTread)
                  00027240    00000140                 : _io_perm.obj (.text:__wrt_ok)
                  00027380    00000140                 : atoi.obj (.text:_atoi)
                  000274c0    00000140                 : lowlev.obj (.text:_lseek)
                  00027600    00000140                 : lowlev.obj (.text:_read)
                  00027740    00000140                 : lowlev.obj (.text:_write)
                  00027880    00000120                 : trgdrv.obj (.text:_HOSTopen)
                  000279a0    00000120                 : trgdrv.obj (.text:_HOSTwrite)
                  00027ac0    00000120                 : fopen.obj (.text:__cleanup)
                  00027be0    00000120                 : lowlev.obj (.text:_close)
                  00027d00    00000120                 : exit.obj (.text:_exit)
                  00027e20    00000120                 : ltoa.obj (.text:_ltoa)
                  00027f40    00000120                 : memset.obj (.text:_memset)
                  00028060    00000100                 : trgdrv.obj (.text:_HOSTclose)
                  00028160    00000100                 : trgdrv.obj (.text:_HOSTunlink)
                  00028260    00000100                 : _printfi.obj (.text:__div)
                  00028360    00000100                 : imath40.obj (.text:__divli)
                  00028460    00000100                 : _printfi.obj (.text:__pconv_f)
                  00028560    00000100                 : fseek.obj (.text:_fseek)
                  00028660    000000e0                 : fflush.obj (.text:__doflush)
                  00028740    000000e0                 : _printfi.obj (.text:__ecpy)
                  00028820    000000e0                 : _printfi.obj (.text:__fcpy)
                  00028900    000000e0                 : _io_perm.obj (.text:__rd_ok)
                  000289e0    000000e0                 : memory.obj (.text:_calloc)
                  00028ac0    000000e0                 : memory.obj (.text:_minsert)
                  00028ba0    000000e0                 : memory.obj (.text:_mremove)
                  00028c80    000000e0                 : lowlev.obj (.text:_tabinit)
                  00028d60    000000c0                 : divu.obj (.text:__divu)
                  00028e20    000000c0                 : cpy_tbl.obj (.text:_copy_in)
                  00028ee0    000000c0                 : lowlev.obj (.text:_finddevice)
                  00028fa0    000000a0                 : fixdli.obj (.text:__fixdli)
                  00029040    000000a0                 : mpyll.obj (.text:__mpyll)
                  000290e0    000000a0                 : imath40.obj (.text:__remli)
                  00029180    000000a0                 : remu.obj (.text:__remu)
                  00029220    000000a0                 : fopen.obj (.text:_fopen)
                  000292c0    000000a0                 : fprintf.obj (.text:_fprintf)
                  00029360    000000a0                 : trgmsg.obj (.text:_readmsg)
                  00029400    000000a0                 : lowlev.obj (.text:_unlink)
                  000294a0    000000a0                 : trgmsg.obj (.text:_writemsg)
                  00029540    00000080                 : fltlid.obj (.text:__fltlid)
                  000295c0    00000080                 : llshift.obj (.text:__llshl)
                  00029640    00000080                 : boot.obj (.text:_c_int00)
                  000296c0    00000080                 : memccpy.obj (.text:_memccpy)
                  00029740    00000060                 : isinf.obj (.text:___isinf)
                  000297a0    00000060                 : llshift.obj (.text:__llshru)
                  00029800    00000060                 : imath64.obj (.text:__subcull)
                  00029860    00000040                 : _printfi.obj (.text:___isnan)
                  000298a0    00000040                 : divd.obj (.text:___isnan)
                  000298e0    00000040                 : args_main.obj (.text:__args_main)
                  00029920    00000020                 : negll.obj (.text:__negll)
                  00029940    00000020                 : _lock.obj (.text:__nop)
                  00029960    00000020                 : fprintf.obj (.text:__outc)
                  00029980    00000020                 : fprintf.obj (.text:__outs)
                  000299a0    00000020                 : exit.obj (.text:_abort)
                  000299c0    00000020                 : remove.obj (.text:_remove)

.stack     0    000299e0    00000400     UNINITIALIZED
                  000299e0    00000008     rts6700.lib : boot.obj (.stack)
                  000299e8    000003f8     --HOLE--

.far       0    00029de0    00000350     UNINITIALIZED
                  00029de0    00000194     rts6700.lib : defs.obj (.far)
                  00029f74    000000d0                 : trgdrv.obj (.far)
                  0002a044    000000cc                 : lowlev.obj (.far)
                  0002a110    0000000c                 : exit.obj (.far)
                  0002a11c    00000008                 : _lock.obj (.far)
                  0002a124    00000008                 : memory.obj (.far)
                  0002a12c    00000004                 : fopen.obj (.far)

.const     0    0002a130    00000250     
                  0002a130    00000101     rts6700.lib : ctype.obj (.const:__ctypes_)
                  0002a231    00000002                 : fputs.obj (.const:.string)
                  0002a233    00000001     --HOLE-- [fill = 0]
                  0002a234    000000a0     main.obj (.const:.string)
                  0002a2d4    00000068     LMS.obj (.const:.string)
                  0002a33c    00000023     rts6700.lib : _printfi.obj (.const:.string)
                  0002a35f    00000001     --HOLE-- [fill = 0]
                  0002a360    00000018     CircularBuffer.obj (.const:.string)
                  0002a378    00000008     rts6700.lib : divd.obj (.const:_initial_approx$1)

.cinit     0    0002a380    00000154     
                  0002a380    0000005c     rts6700.lib : defs.obj (.cinit)
                  0002a3dc    00000004     --HOLE-- [fill = 0]
                  0002a3e0    0000005c                 : lowlev.obj (.cinit)
                  0002a43c    00000004     --HOLE-- [fill = 0]
                  0002a440    0000002c                 : exit.obj (.cinit)
                  0002a46c    00000004     --HOLE-- [fill = 0]
                  0002a470    0000002c                 : memory.obj (.cinit)
                  0002a49c    00000004     --HOLE-- [fill = 0]
                  0002a4a0    0000001c                 : _lock.obj (.cinit)
                  0002a4bc    00000004     --HOLE-- [fill = 0]
                  0002a4c0    0000000c                 : fopen.obj (.cinit)
                  0002a4cc    00000004     --HOLE-- [fill = 0]
                  0002a4d0    00000004     (.pad.cinit) [fill = 0]

.cio       0    0002a4d8    00000120     UNINITIALIZED
                  0002a4d8    00000120     rts6700.lib : trgmsg.obj (.cio)


GLOBAL SYMBOLS: SORTED ALPHABETICALLY BY Name 

address    name
--------   ----
00000008   $bss
00000008   .bss
00000008   .data
00020020   .text
000299a0   C$$EXIT
00029518   C$$IO$$
00028060   _HOSTclose
00026ce0   _HOSTlseek
00027880   _HOSTopen
00027100   _HOSTread
00025ca0   _HOSTrename
00028160   _HOSTunlink
000279a0   _HOSTwrite
0002a4d8   __CIOBUF_
00029de0   __STACK_END
00000400   __STACK_SIZE
00020000   __SYSMEM_SIZE
00000001   __TI_args_main
0002a118   ___TI_enable_exit_profile_output
ffffffff   ___TI_pprof_out_hndl
ffffffff   ___TI_prof_data_size
ffffffff   ___TI_prof_data_start
ffffffff   ___binit__
00000008   ___bss__
ffffffff   ___c_args__
0002a380   ___cinit__
00000008   ___data__
00000008   ___edata__
00000008   ___end__
000299e0   ___etext__
00029740   ___isinf
ffffffff   ___pinit__
00020020   ___text__
000298e0   __args_main
00026e40   __auto_init
00026680   __buff_read
00028d60   __c6xabi_divu
00029180   __c6xabi_remu
00027ac0   __cleanup
0002a110   __cleanup_ptr
0002a130   __ctypes_
00020020   __divd
00028360   __divli
00028d60   __divu
00025140   __divul
000231a0   __divull
00028660   __doflush
0002a114   __dtors_ptr
00028fa0   __fixdli
00029540   __fltlid
00023f80   __frcmpyd_div
00029f70   __ft_end
00029de0   __ftable
000295c0   __llshl
000297a0   __llshru
0002a11c   __lock
00029040   __mpyll
00029920   __negll
00029940   __nop
00021480   __printfi
00028900   __rd_ok
000290e0   __remli
00029180   __remu
000299e0   __stack
00029800   __subcull
00000008   __sys_memory
00029ed0   __tmpnams
0002a120   __unlock
00027240   __wrt_ok
000299a0   _abort
00027380   _atoi
00029640   _c_int00
00024600   _calc_pos
000289e0   _calloc
00027be0   _close
00022a80   _close_file
00024650   _convolution_CircularBuffer_and_vector
00028e20   _copy_in
00024764   _create_CircularBuffer
00021e20   _create_LMS
00024718   _destroy_CircularBuffer
0002204c   _destroy_LMS
00027d00   _exit
00026fa0   _fclose
00029220   _fopen
000292c0   _fprintf
000269c0   _fputc
00022de0   _fputs
000242c0   _fread
000238a0   _free
00028560   _fseek
000248d4   _get_elem
000274c0   _lseek
00027e20   _ltoa
00022be4   _main
000220b4   _make_LMS
00025820   _malloc
000296c0   _memccpy
00025a60   _memcpy
00027f40   _memset
00025ec0   _open
00022a00   _open_file
00024878   _push_elem
000269c0   _putc
00027600   _read
00022af4   _read_file
00029360   _readmsg
000299c0   _remove
00021fd8   _setMu
000260e0   _setvbuf
00029400   _unlink
00027740   _write
000294a0   _writemsg
ffffffff   binit
0002a380   cinit
00000008   edata
00000008   end
000299e0   etext
ffffffff   pinit


GLOBAL SYMBOLS: SORTED BY Symbol Address 

address    name
--------   ----
00000001   __TI_args_main
00000008   $bss
00000008   .bss
00000008   .data
00000008   ___bss__
00000008   ___data__
00000008   ___edata__
00000008   ___end__
00000008   __sys_memory
00000008   edata
00000008   end
00000400   __STACK_SIZE
00020000   __SYSMEM_SIZE
00020020   .text
00020020   ___text__
00020020   __divd
00021480   __printfi
00021e20   _create_LMS
00021fd8   _setMu
0002204c   _destroy_LMS
000220b4   _make_LMS
00022a00   _open_file
00022a80   _close_file
00022af4   _read_file
00022be4   _main
00022de0   _fputs
000231a0   __divull
000238a0   _free
00023f80   __frcmpyd_div
000242c0   _fread
00024600   _calc_pos
00024650   _convolution_CircularBuffer_and_vector
00024718   _destroy_CircularBuffer
00024764   _create_CircularBuffer
00024878   _push_elem
000248d4   _get_elem
00025140   __divul
00025820   _malloc
00025a60   _memcpy
00025ca0   _HOSTrename
00025ec0   _open
000260e0   _setvbuf
00026680   __buff_read
000269c0   _fputc
000269c0   _putc
00026ce0   _HOSTlseek
00026e40   __auto_init
00026fa0   _fclose
00027100   _HOSTread
00027240   __wrt_ok
00027380   _atoi
000274c0   _lseek
00027600   _read
00027740   _write
00027880   _HOSTopen
000279a0   _HOSTwrite
00027ac0   __cleanup
00027be0   _close
00027d00   _exit
00027e20   _ltoa
00027f40   _memset
00028060   _HOSTclose
00028160   _HOSTunlink
00028360   __divli
00028560   _fseek
00028660   __doflush
00028900   __rd_ok
000289e0   _calloc
00028d60   __c6xabi_divu
00028d60   __divu
00028e20   _copy_in
00028fa0   __fixdli
00029040   __mpyll
000290e0   __remli
00029180   __c6xabi_remu
00029180   __remu
00029220   _fopen
000292c0   _fprintf
00029360   _readmsg
00029400   _unlink
000294a0   _writemsg
00029518   C$$IO$$
00029540   __fltlid
000295c0   __llshl
00029640   _c_int00
000296c0   _memccpy
00029740   ___isinf
000297a0   __llshru
00029800   __subcull
000298e0   __args_main
00029920   __negll
00029940   __nop
000299a0   C$$EXIT
000299a0   _abort
000299c0   _remove
000299e0   ___etext__
000299e0   __stack
000299e0   etext
00029de0   __STACK_END
00029de0   __ftable
00029ed0   __tmpnams
00029f70   __ft_end
0002a110   __cleanup_ptr
0002a114   __dtors_ptr
0002a118   ___TI_enable_exit_profile_output
0002a11c   __lock
0002a120   __unlock
0002a130   __ctypes_
0002a380   ___cinit__
0002a380   cinit
0002a4d8   __CIOBUF_
ffffffff   ___TI_pprof_out_hndl
ffffffff   ___TI_prof_data_size
ffffffff   ___TI_prof_data_start
ffffffff   ___binit__
ffffffff   ___c_args__
ffffffff   ___pinit__
ffffffff   binit
ffffffff   pinit

[119 symbols]
