******************************************************************************
               TMS320C6x Linker Unix v7.2.0                    
******************************************************************************
>> Linked Mon May  2 23:01:20 2011

OUTPUT FILE NAME:   <HelloWorld.out>
ENTRY POINT SYMBOL: "_c_int00"  address: 00009600


MEMORY CONFIGURATION

         name            origin    length      used     unused   attr    fill
----------------------  --------  ---------  --------  --------  ----  --------
  RAM                   00000001   fffffffe  0000a9d4  ffff562a  RWIX


SECTION ALLOCATION MAP

 output                                  attributes/
section   page    origin      length       input sections
--------  ----  ----------  ----------   ----------------
.pinit     0    00000004    00000000     UNINITIALIZED

.data      0    00000008    00000000     UNINITIALIZED

.bss       0    00000008    00000000     UNINITIALIZED

.text      0    00000020    00009980     
                  00000020    000007e0     rts6700.lib : divd.obj (.text:__divd)
                  00000800    000006c0                 : _printfi.obj (.text:__getarg_diouxp)
                  00000ec0    000005c0                 : _printfi.obj (.text:__setfield)
                  00001480    00000580                 : _printfi.obj (.text:__printfi)
                  00001a00    00000420                 : _printfi.obj (.text:_fcvt)
                  00001e20    00000400     LMS.obj (.text)
                  00002220    00000400     rts6700.lib : _printfi.obj (.text:_ecvt)
                  00002620    000003e0                 : _printfi.obj (.text:__pproc_fge)
                  00002a00    000003c0                 : fputs.obj (.text:_fputs)
                  00002dc0    000003a0     main.obj (.text)
                  00003160    00000380     rts6700.lib : imath64.obj (.text:__divull)
                  000034e0    00000380                 : _printfi.obj (.text:__pproc_fwp)
                  00003860    00000380                 : memory.obj (.text:_free)
                  00003be0    00000360                 : _printfi.obj (.text:__pconv_e)
                  00003f40    00000340                 : frcmpyd_div.obj (.text:__frcmpyd_div)
                  00004280    00000340                 : fread.obj (.text:_fread)
                  000045c0    00000320     CircularBuffer.obj (.text)
                  000048e0    000002c0     rts6700.lib : _printfi.obj (.text:__pproc_diouxp)
                  00004ba0    000002c0                 : _printfi.obj (.text:__pproc_str)
                  00004e60    000002a0                 : _printfi.obj (.text:__pconv_g)
                  00005100    00000260                 : imath40.obj (.text:__divul)
                  00005360    00000240                 : _printfi.obj (.text:__mcpy)
                  000055a0    00000240                 : fopen.obj (.text:__openfile)
                  000057e0    00000240                 : memory.obj (.text:_malloc)
                  00005a20    00000240                 : memcpy62.obj (.text:_memcpy)
                  00005c60    00000220                 : trgdrv.obj (.text:_HOSTrename)
                  00005e80    00000220                 : lowlev.obj (.text:_open)
                  000060a0    00000200                 : setvbuf.obj (.text:_setvbuf)
                  000062a0    000001e0                 : lowlev.obj (.text:_getdevice)
                  00006480    000001c0                 : _printfi.obj (.text:__ltostr)
                  00006640    000001a0                 : _bufread.obj (.text:__buff_read)
                  000067e0    000001a0                 : _printfi.obj (.text:__pproc_fflags)
                  00006980    000001a0                 : fputc.obj (.text:_fputc)
                  00006b20    00000180                 : fopen.obj (.text:__search_fp)
                  00006ca0    00000160                 : trgdrv.obj (.text:_HOSTlseek)
                  00006e00    00000160                 : autoinit.obj (.text:__auto_init)
                  00006f60    00000160                 : fclose.obj (.text:_fclose)
                  000070c0    00000140                 : trgdrv.obj (.text:_HOSTread)
                  00007200    00000140                 : _io_perm.obj (.text:__wrt_ok)
                  00007340    00000140                 : atoi.obj (.text:_atoi)
                  00007480    00000140                 : lowlev.obj (.text:_lseek)
                  000075c0    00000140                 : lowlev.obj (.text:_read)
                  00007700    00000140                 : lowlev.obj (.text:_write)
                  00007840    00000120                 : trgdrv.obj (.text:_HOSTopen)
                  00007960    00000120                 : trgdrv.obj (.text:_HOSTwrite)
                  00007a80    00000120                 : fopen.obj (.text:__cleanup)
                  00007ba0    00000120                 : lowlev.obj (.text:_close)
                  00007cc0    00000120                 : exit.obj (.text:_exit)
                  00007de0    00000120                 : ltoa.obj (.text:_ltoa)
                  00007f00    00000120                 : memset.obj (.text:_memset)
                  00008020    00000100                 : trgdrv.obj (.text:_HOSTclose)
                  00008120    00000100                 : trgdrv.obj (.text:_HOSTunlink)
                  00008220    00000100                 : _printfi.obj (.text:__div)
                  00008320    00000100                 : imath40.obj (.text:__divli)
                  00008420    00000100                 : _printfi.obj (.text:__pconv_f)
                  00008520    00000100                 : fseek.obj (.text:_fseek)
                  00008620    000000e0                 : fflush.obj (.text:__doflush)
                  00008700    000000e0                 : _printfi.obj (.text:__ecpy)
                  000087e0    000000e0                 : _printfi.obj (.text:__fcpy)
                  000088c0    000000e0                 : _io_perm.obj (.text:__rd_ok)
                  000089a0    000000e0                 : memory.obj (.text:_calloc)
                  00008a80    000000e0                 : memory.obj (.text:_minsert)
                  00008b60    000000e0                 : memory.obj (.text:_mremove)
                  00008c40    000000e0                 : lowlev.obj (.text:_tabinit)
                  00008d20    000000c0                 : divu.obj (.text:__divu)
                  00008de0    000000c0                 : cpy_tbl.obj (.text:_copy_in)
                  00008ea0    000000c0                 : lowlev.obj (.text:_finddevice)
                  00008f60    000000a0                 : fixdli.obj (.text:__fixdli)
                  00009000    000000a0                 : mpyll.obj (.text:__mpyll)
                  000090a0    000000a0                 : imath40.obj (.text:__remli)
                  00009140    000000a0                 : remu.obj (.text:__remu)
                  000091e0    000000a0                 : fopen.obj (.text:_fopen)
                  00009280    000000a0                 : fprintf.obj (.text:_fprintf)
                  00009320    000000a0                 : trgmsg.obj (.text:_readmsg)
                  000093c0    000000a0                 : lowlev.obj (.text:_unlink)
                  00009460    000000a0                 : trgmsg.obj (.text:_writemsg)
                  00009500    00000080                 : fltlid.obj (.text:__fltlid)
                  00009580    00000080                 : llshift.obj (.text:__llshl)
                  00009600    00000080                 : boot.obj (.text:_c_int00)
                  00009680    00000080                 : memccpy.obj (.text:_memccpy)
                  00009700    00000060                 : isinf.obj (.text:___isinf)
                  00009760    00000060                 : llshift.obj (.text:__llshru)
                  000097c0    00000060                 : imath64.obj (.text:__subcull)
                  00009820    00000040                 : _printfi.obj (.text:___isnan)
                  00009860    00000040                 : divd.obj (.text:___isnan)
                  000098a0    00000040                 : args_main.obj (.text:__args_main)
                  000098e0    00000020                 : negll.obj (.text:__negll)
                  00009900    00000020                 : _lock.obj (.text:__nop)
                  00009920    00000020                 : fprintf.obj (.text:__outc)
                  00009940    00000020                 : fprintf.obj (.text:__outs)
                  00009960    00000020                 : exit.obj (.text:_abort)
                  00009980    00000020                 : remove.obj (.text:_remove)

.stack     0    000099a0    00000400     UNINITIALIZED
                  000099a0    00000008     rts6700.lib : boot.obj (.stack)
                  000099a8    000003f8     --HOLE--

.sysmem    0    00009da0    00000400     UNINITIALIZED
                  00009da0    00000008     rts6700.lib : memory.obj (.sysmem)
                  00009da8    000003f8     --HOLE--

.far       0    0000a1a0    00000350     UNINITIALIZED
                  0000a1a0    00000194     rts6700.lib : defs.obj (.far)
                  0000a334    000000d0                 : trgdrv.obj (.far)
                  0000a404    000000cc                 : lowlev.obj (.far)
                  0000a4d0    0000000c                 : exit.obj (.far)
                  0000a4dc    00000008                 : _lock.obj (.far)
                  0000a4e4    00000008                 : memory.obj (.far)
                  0000a4ec    00000004                 : fopen.obj (.far)

.const     0    0000a4f0    00000290     
                  0000a4f0    00000101     rts6700.lib : ctype.obj (.const:__ctypes_)
                  0000a5f1    00000002                 : fputs.obj (.const:.string)
                  0000a5f3    00000001     --HOLE-- [fill = 0]
                  0000a5f4    000000e0     main.obj (.const:.string)
                  0000a6d4    00000068     LMS.obj (.const:.string)
                  0000a73c    00000023     rts6700.lib : _printfi.obj (.const:.string)
                  0000a75f    00000001     --HOLE-- [fill = 0]
                  0000a760    00000018     CircularBuffer.obj (.const:.string)
                  0000a778    00000008     rts6700.lib : divd.obj (.const:_initial_approx$1)

.cinit     0    0000a780    00000154     
                  0000a780    0000005c     rts6700.lib : defs.obj (.cinit)
                  0000a7dc    00000004     --HOLE-- [fill = 0]
                  0000a7e0    0000005c                 : lowlev.obj (.cinit)
                  0000a83c    00000004     --HOLE-- [fill = 0]
                  0000a840    0000002c                 : exit.obj (.cinit)
                  0000a86c    00000004     --HOLE-- [fill = 0]
                  0000a870    0000002c                 : memory.obj (.cinit)
                  0000a89c    00000004     --HOLE-- [fill = 0]
                  0000a8a0    0000001c                 : _lock.obj (.cinit)
                  0000a8bc    00000004     --HOLE-- [fill = 0]
                  0000a8c0    0000000c                 : fopen.obj (.cinit)
                  0000a8cc    00000004     --HOLE-- [fill = 0]
                  0000a8d0    00000004     (.pad.cinit) [fill = 0]

.cio       0    0000a8d8    00000120     UNINITIALIZED
                  0000a8d8    00000120     rts6700.lib : trgmsg.obj (.cio)


GLOBAL SYMBOLS: SORTED ALPHABETICALLY BY Name 

address    name
--------   ----
00000008   $bss
00000008   .bss
00000008   .data
00000020   .text
00009960   C$$EXIT
000094d8   C$$IO$$
00008020   _HOSTclose
00006ca0   _HOSTlseek
00007840   _HOSTopen
000070c0   _HOSTread
00005c60   _HOSTrename
00008120   _HOSTunlink
00007960   _HOSTwrite
0000a8d8   __CIOBUF_
00009da0   __STACK_END
00000400   __STACK_SIZE
00000400   __SYSMEM_SIZE
00000001   __TI_args_main
0000a4d8   ___TI_enable_exit_profile_output
ffffffff   ___TI_pprof_out_hndl
ffffffff   ___TI_prof_data_size
ffffffff   ___TI_prof_data_start
ffffffff   ___binit__
00000008   ___bss__
ffffffff   ___c_args__
0000a780   ___cinit__
00000008   ___data__
00000008   ___edata__
00000008   ___end__
000099a0   ___etext__
00009700   ___isinf
ffffffff   ___pinit__
00000020   ___text__
000098a0   __args_main
00006e00   __auto_init
00006640   __buff_read
00008d20   __c6xabi_divu
00009140   __c6xabi_remu
00007a80   __cleanup
0000a4d0   __cleanup_ptr
0000a4f0   __ctypes_
00000020   __divd
00008320   __divli
00008d20   __divu
00005100   __divul
00003160   __divull
00008620   __doflush
0000a4d4   __dtors_ptr
00008f60   __fixdli
00009500   __fltlid
00003f40   __frcmpyd_div
0000a330   __ft_end
0000a1a0   __ftable
00009580   __llshl
00009760   __llshru
0000a4dc   __lock
00009000   __mpyll
000098e0   __negll
00009900   __nop
00001480   __printfi
000088c0   __rd_ok
000090a0   __remli
00009140   __remu
000099a0   __stack
000097c0   __subcull
00009da0   __sys_memory
0000a290   __tmpnams
0000a4e0   __unlock
00007200   __wrt_ok
00009960   _abort
00007340   _atoi
00009600   _c_int00
000045c0   _calc_pos
000089a0   _calloc
00007ba0   _close
00002e30   _close_file
00004610   _convolution_CircularBuffer_and_vector
00008de0   _copy_in
00004724   _create_CircularBuffer
00001e20   _create_LMS
000046d8   _destroy_CircularBuffer
0000204c   _destroy_LMS
00007cc0   _exit
00006f60   _fclose
000091e0   _fopen
00009280   _fprintf
00006980   _fputc
00002a00   _fputs
00004280   _fread
00003860   _free
00008520   _fseek
00004894   _get_elem
00007480   _lseek
00007de0   _ltoa
00002f6c   _main
000020b4   _make_LMS
000057e0   _malloc
00009680   _memccpy
00005a20   _memcpy
00007f00   _memset
00005e80   _open
00002dc0   _open_file
00004838   _push_elem
00006980   _putc
000075c0   _read
00002e94   _read_file
00009320   _readmsg
00009980   _remove
00001fd8   _setMu
000060a0   _setvbuf
000093c0   _unlink
00007700   _write
00009460   _writemsg
ffffffff   binit
0000a780   cinit
00000008   edata
00000008   end
000099a0   etext
ffffffff   pinit


GLOBAL SYMBOLS: SORTED BY Symbol Address 

address    name
--------   ----
00000001   __TI_args_main
00000008   $bss
00000008   .bss
00000008   .data
00000008   ___bss__
00000008   ___data__
00000008   ___edata__
00000008   ___end__
00000008   edata
00000008   end
00000020   .text
00000020   ___text__
00000020   __divd
00000400   __STACK_SIZE
00000400   __SYSMEM_SIZE
00001480   __printfi
00001e20   _create_LMS
00001fd8   _setMu
0000204c   _destroy_LMS
000020b4   _make_LMS
00002a00   _fputs
00002dc0   _open_file
00002e30   _close_file
00002e94   _read_file
00002f6c   _main
00003160   __divull
00003860   _free
00003f40   __frcmpyd_div
00004280   _fread
000045c0   _calc_pos
00004610   _convolution_CircularBuffer_and_vector
000046d8   _destroy_CircularBuffer
00004724   _create_CircularBuffer
00004838   _push_elem
00004894   _get_elem
00005100   __divul
000057e0   _malloc
00005a20   _memcpy
00005c60   _HOSTrename
00005e80   _open
000060a0   _setvbuf
00006640   __buff_read
00006980   _fputc
00006980   _putc
00006ca0   _HOSTlseek
00006e00   __auto_init
00006f60   _fclose
000070c0   _HOSTread
00007200   __wrt_ok
00007340   _atoi
00007480   _lseek
000075c0   _read
00007700   _write
00007840   _HOSTopen
00007960   _HOSTwrite
00007a80   __cleanup
00007ba0   _close
00007cc0   _exit
00007de0   _ltoa
00007f00   _memset
00008020   _HOSTclose
00008120   _HOSTunlink
00008320   __divli
00008520   _fseek
00008620   __doflush
000088c0   __rd_ok
000089a0   _calloc
00008d20   __c6xabi_divu
00008d20   __divu
00008de0   _copy_in
00008f60   __fixdli
00009000   __mpyll
000090a0   __remli
00009140   __c6xabi_remu
00009140   __remu
000091e0   _fopen
00009280   _fprintf
00009320   _readmsg
000093c0   _unlink
00009460   _writemsg
000094d8   C$$IO$$
00009500   __fltlid
00009580   __llshl
00009600   _c_int00
00009680   _memccpy
00009700   ___isinf
00009760   __llshru
000097c0   __subcull
000098a0   __args_main
000098e0   __negll
00009900   __nop
00009960   C$$EXIT
00009960   _abort
00009980   _remove
000099a0   ___etext__
000099a0   __stack
000099a0   etext
00009da0   __STACK_END
00009da0   __sys_memory
0000a1a0   __ftable
0000a290   __tmpnams
0000a330   __ft_end
0000a4d0   __cleanup_ptr
0000a4d4   __dtors_ptr
0000a4d8   ___TI_enable_exit_profile_output
0000a4dc   __lock
0000a4e0   __unlock
0000a4f0   __ctypes_
0000a780   ___cinit__
0000a780   cinit
0000a8d8   __CIOBUF_
ffffffff   ___TI_pprof_out_hndl
ffffffff   ___TI_prof_data_size
ffffffff   ___TI_prof_data_start
ffffffff   ___binit__
ffffffff   ___c_args__
ffffffff   ___pinit__
ffffffff   binit
ffffffff   pinit

[119 symbols]
