******************************************************************************
               TMS320C6x Linker Unix v7.2.0                    
******************************************************************************
>> Linked Sun May  1 14:17:39 2011

OUTPUT FILE NAME:   <HelloWorld.out>
ENTRY POINT SYMBOL: "_c_int00"  address: 0001dfe0


MEMORY CONFIGURATION

         name            origin    length      used     unused   attr    fill
----------------------  --------  ---------  --------  --------  ----  --------
  RAM                   00000001   fffffffe  000238d4  fffdc72a  RWIX


SECTION ALLOCATION MAP

 output                                  attributes/
section   page    origin      length       input sections
--------  ----  ----------  ----------   ----------------
.pinit     0    00000004    00000014     
                  00000004    00000004     main.obj (.pinit)
                  00000008    00000004     rts6700.lib : iostream.obj (.pinit)
                  0000000c    00000004                 : locale0.obj (.pinit)
                  00000010    00000004                 : wiostrea.obj (.pinit)
                  00000014    00000004     --HOLE-- [fill = 0]

.data      0    00000008    00000000     UNINITIALIZED

.bss       0    00000008    00000000     UNINITIALIZED

.text      0    00000020    0001f6a0     
                  00000020    00006240     main.obj (.text)
                  00006260    000008e0     rts6700.lib : wiostrea.obj (.text:___ct__Q2_3std6_WinitFv)
                  00006b40    00000820                 : iostream.obj (.text:_overflow__Q2_3std52basic_filebuf__tm__31_cQ2_3std20char_traits__tm__2_cFQ2_Z2Z8int_type_Q2_Z2Z8int_type)
                  00007360    00000820                 : wiostrea.obj (.text:_overflow__Q2_3std52basic_filebuf__tm__31_wQ2_3std20char_traits__tm__2_wFQ2_Z2Z8int_type_Q2_Z2Z8int_type)
                  00007b80    000007e0                 : divd.obj (.text:__divd)
                  00008360    00000720                 : iostream.obj (.text:_uflow__Q2_3std52basic_filebuf__tm__31_cQ2_3std20char_traits__tm__2_cFv_Q2_Z2Z8int_type)
                  00008a80    00000720                 : wiostrea.obj (.text:_uflow__Q2_3std52basic_filebuf__tm__31_wQ2_3std20char_traits__tm__2_wFv_Q2_Z2Z8int_type)
                  000091a0    000006c0                 : _printfi.obj (.text:__getarg_diouxp)
                  00009860    00000680                 : iostream.obj (.text:__Endwrite__Q2_3std52basic_filebuf__tm__31_cQ2_3std20char_traits__tm__2_cFv_b)
                  00009ee0    00000680                 : wiostrea.obj (.text:__Endwrite__Q2_3std52basic_filebuf__tm__31_wQ2_3std20char_traits__tm__2_wFv_b)
                  0000a560    00000660                 : ios.obj (.text:_clear__Q2_3std8ios_baseFQ3_3std14_Iosb__tm__2_i8_Iostateb)
                  0000abc0    00000600                 : iostream.obj (.text:___ct__Q3_3std8ios_base4InitFv)
                  0000b1c0    000005e0                 : fwrite.obj (.text:_fwrite)
                  0000b7a0    000005c0                 : _printfi.obj (.text:__setfield)
                  0000bd60    00000580                 : _printfi.obj (.text:__printfi)
                  0000c2e0    00000540                 : locale0.obj (.text:___ct__Q2_3std8_LocinfoFPCc)
                  0000c820    00000420                 : _printfi.obj (.text:_fcvt)
                  0000cc40    00000400                 : _printfi.obj (.text:_ecvt)
                  0000d040    000003e0                 : _printfi.obj (.text:__pproc_fge)
                  0000d420    000003c0                 : iostream.obj (.text:___ct__Q2_3std52basic_istream__tm__31_cQ2_3std20char_traits__tm__2_cFPQ2_3std29basic_streambuf__tm__7_Z1ZZ2ZbT2)
                  0000d7e0    000003c0                 : iostream.obj (.text:___ct__Q2_3std52basic_ostream__tm__31_cQ2_3std20char_traits__tm__2_cFPQ2_3std29basic_streambuf__tm__7_Z1ZZ2Zb)
                  0000dba0    000003c0                 : fputs.obj (.text:_fputs)
                  0000df60    000003a0                 : wiostrea.obj (.text:___ct__Q2_3std52basic_istream__tm__31_wQ2_3std20char_traits__tm__2_wFPQ2_3std29basic_streambuf__tm__7_Z1ZZ2ZbT2)
                  0000e300    000003a0                 : locale0.obj (.text:___ct__Q3_3std6locale7_LocimpFb)
                  0000e6a0    00000380                 : wiostrea.obj (.text:___ct__Q2_3std52basic_ostream__tm__31_wQ2_3std20char_traits__tm__2_wFPQ2_3std29basic_streambuf__tm__7_Z1ZZ2Zb)
                  0000ea20    00000380                 : imath64.obj (.text:__divull)
                  0000eda0    00000380                 : _printfi.obj (.text:__pproc_fwp)
                  0000f120    00000380                 : memory.obj (.text:_free)
                  0000f4a0    00000360                 : _printfi.obj (.text:__pconv_e)
                  0000f800    00000340                 : frcmpyd_div.obj (.text:__frcmpyd_div)
                  0000fb40    00000320                 : fiopen.obj (.text:__Fiopen__3stdFPCcQ3_3std14_Iosb__tm__2_i9_Openmodei)
                  0000fe60    00000320                 : locale0.obj (.text:__Init__Q2_3std6localeSFv)
                  00010180    00000300                 : wiostrea.obj (.text:___dt__Q2_3std6_WinitFv)
                  00010480    00000300                 : iostream.obj (.text:___dt__Q3_3std8ios_base4InitFv)
                  00010780    000002e0                 : string.obj (.text:___CPR230__assign__Q2_3std78basic_string__tm__58_cQ2_3std20char_traits__tm__2_cQ2_3std18allocator__tm__2_cFRCQ2_3std30basic_string__tm__10_Z1ZZ2ZZ3ZQ4_3std25_String_val__tm__7_Z1ZZ3Z5_Alty9size_typeT2_RQ2_3stdJ105J)
                  00010a60    000002e0                 : wiostrea.obj (.text:_imbue__Q2_3std52basic_filebuf__tm__31_wQ2_3std20char_traits__tm__2_wFRCQ2_3std6locale_v)
                  00010d40    000002c0                 : ios.obj (.text:___ct__Q2_3std78basic_string__tm__58_cQ2_3std20char_traits__tm__2_cQ2_3std18allocator__tm__2_cFRCQ2_3std30basic_string__tm__10_Z1ZZ2ZZ3Z)
                  00011000    000002c0                 : _printfi.obj (.text:__pproc_diouxp)
                  000112c0    000002c0                 : _printfi.obj (.text:__pproc_str)
                  00011580    000002c0                 : iostream.obj (.text:_imbue__Q2_3std52basic_filebuf__tm__31_cQ2_3std20char_traits__tm__2_cFRCQ2_3std6locale_v)
                  00011840    000002a0                 : _printfi.obj (.text:__pconv_g)
                  00011ae0    00000260                 : ios.obj (.text:___CPR230__assign__Q2_3std78basic_string__tm__58_cQ2_3std20char_traits__tm__2_cQ2_3std18allocator__tm__2_cFRCQ2_3std30basic_string__tm__10_Z1ZZ2ZZ3ZQ4_3std25_String_val__tm__7_Z1ZZ3Z5_Alty9size_typeT2_RQ2_3stdJ105J)
                  00011d40    00000260                 : locale0.obj (.text:___CPR230__assign__Q2_3std78basic_string__tm__58_cQ2_3std20char_traits__tm__2_cQ2_3std18allocator__tm__2_cFRCQ2_3std30basic_string__tm__10_Z1ZZ2ZZ3ZQ4_3std25_String_val__tm__7_Z1ZZ3Z5_Alty9size_typeT2_RQ2_3stdJ105J)
                  00011fa0    00000260                 : imath40.obj (.text:__divul)
                  00012200    00000240                 : iostream.obj (.text:___CPR167__seekoff__Q2_3std52basic_filebuf__tm__31_cQ2_3std20char_traits__tm__2_cFQ2_Z2Z8off_typeQ3_3std14_Iosb__tm__2_i8_SeekdirQ3_3stdJ93J9_Openmode_Q2_Z2Z8pos_type)
                  00012440    00000240                 : wiostrea.obj (.text:___CPR167__seekoff__Q2_3std52basic_filebuf__tm__31_wQ2_3std20char_traits__tm__2_wFQ2_Z2Z8off_typeQ3_3std14_Iosb__tm__2_i8_SeekdirQ3_3stdJ93J9_Openmode_Q2_Z2Z8pos_type)
                  00012680    00000240                 : _printfi.obj (.text:__mcpy)
                  000128c0    00000240                 : fopen.obj (.text:__openfile)
                  00012b00    00000240                 : wiostrea.obj (.text:_do_in__Q2_3std21codecvt__tm__4_wci__SCFRiPCcT2RPCcPwT5RPw)
                  00012d40    00000240                 : memory.obj (.text:_malloc)
                  00012f80    00000240                 : memcpy62.obj (.text:_memcpy)
                  000131c0    00000220                 : trgdrv.obj (.text:_HOSTrename)
                  000133e0    00000220                 : wiostrea.obj (.text:_do_out__Q2_3std21codecvt__tm__4_wci__SCFRiPCwT2RPCwPcT5RPc)
                  00013600    00000220                 : lowlev.obj (.text:_open)
                  00013820    00000200                 : string.obj (.text:__Xlen__Q2_3std12_String_baseCFv)
                  00013a20    00000200                 : string.obj (.text:__Xran__Q2_3std12_String_baseCFv)
                  00013c20    00000200                 : iostream.obj (.text:_seekpos__Q2_3std52basic_filebuf__tm__31_cQ2_3std20char_traits__tm__2_cFQ2_Z2Z8pos_typeQ3_3std14_Iosb__tm__2_i9_Openmode_Q2_Z2Z8pos_type)
                  00013e20    00000200                 : wiostrea.obj (.text:_seekpos__Q2_3std52basic_filebuf__tm__31_wQ2_3std20char_traits__tm__2_wFQ2_Z2Z8pos_typeQ3_3std14_Iosb__tm__2_i9_Openmode_Q2_Z2Z8pos_type)
                  00014020    00000200                 : setvbuf.obj (.text:_setvbuf)
                  00014220    000001e0                 : xlocinfo.obj (.text:__Getctyptab)
                  00014400    000001e0                 : locale0.obj (.text:___dt__Q2_3std8_LocinfoFv)
                  000145e0    000001e0                 : locale0.obj (.text:___dt__Q3_3std6locale7_LocimpFv)
                  000147c0    000001e0                 : wiostrea.obj (.text:___sti___12_wiostrea_cpp_74e2bd13)
                  000149a0    000001e0                 : lowlev.obj (.text:_getdevice)
                  00014b80    000001c0                 : string.obj (.text:__Grow__Q2_3std78basic_string__tm__58_cQ2_3std20char_traits__tm__2_cQ2_3std18allocator__tm__2_cFQ4_3std25_String_val__tm__7_Z1ZZ3Z5_Alty9size_typeb_b)
                  00014d40    000001c0                 : iostream.obj (.text:___dt__Q2_3std52basic_filebuf__tm__31_cQ2_3std20char_traits__tm__2_cFv)
                  00014f00    000001c0                 : wiostrea.obj (.text:___dt__Q2_3std52basic_filebuf__tm__31_wQ2_3std20char_traits__tm__2_wFv)
                  000150c0    000001c0                 : _printfi.obj (.text:__ltostr)
                  00015280    000001c0                 : ios.obj (.text:_assign__Q2_3std78basic_string__tm__58_cQ2_3std20char_traits__tm__2_cQ2_3std18allocator__tm__2_cFPCZ1ZQ4_3std25_String_val__tm__7_Z1ZZ3Z5_Alty9size_type_RQ2_3std30basic_string__tm__10_Z1ZZ2ZZ3Z)
                  00015440    000001c0                 : iostream.obj (.text:_pbackfail__Q2_3std52basic_filebuf__tm__31_cQ2_3std20char_traits__tm__2_cFQ2_Z2Z8int_type_Q2_Z2Z8int_type)
                  00015600    000001c0                 : wiostrea.obj (.text:_pbackfail__Q2_3std52basic_filebuf__tm__31_wQ2_3std20char_traits__tm__2_wFQ2_Z2Z8int_type_Q2_Z2Z8int_type)
                  000157c0    000001c0                 : iostream.obj (.text:_use_facet__tm__24_Q2_3std14ctype__tm__2_c__3stdFRCQ2_3std6locale_RCZ1Z)
                  00015980    000001c0                 : wiostrea.obj (.text:_use_facet__tm__24_Q2_3std14ctype__tm__2_w__3stdFRCQ2_3std6locale_RCZ1Z)
                  00015b40    000001a0                 : ios.obj (.text:__Copy__Q2_3std78basic_string__tm__58_cQ2_3std20char_traits__tm__2_cQ2_3std18allocator__tm__2_cFQ4_3std25_String_val__tm__7_Z1ZZ3Z5_Alty9size_typeT1_v)
                  00015ce0    000001a0                 : iostream.obj (.text:__Copy__Q2_3std78basic_string__tm__58_cQ2_3std20char_traits__tm__2_cQ2_3std18allocator__tm__2_cFQ4_3std25_String_val__tm__7_Z1ZZ3Z5_Alty9size_typeT1_v)
                  00015e80    000001a0                 : locale0.obj (.text:__Copy__Q2_3std78basic_string__tm__58_cQ2_3std20char_traits__tm__2_cQ2_3std18allocator__tm__2_cFQ4_3std25_String_val__tm__7_Z1ZZ3Z5_Alty9size_typeT1_v)
                  00016020    000001a0                 : string.obj (.text:__Copy__Q2_3std78basic_string__tm__58_cQ2_3std20char_traits__tm__2_cQ2_3std18allocator__tm__2_cFQ4_3std25_String_val__tm__7_Z1ZZ3Z5_Alty9size_typeT1_v)
                  000161c0    000001a0                 : wiostrea.obj (.text:__Copy__Q2_3std78basic_string__tm__58_cQ2_3std20char_traits__tm__2_cQ2_3std18allocator__tm__2_cFQ4_3std25_String_val__tm__7_Z1ZZ3Z5_Alty9size_typeT1_v)
                  00016360    000001a0                 : string.obj (.text:___ct__Q2_3std11logic_errorFRCQ2_3std78basic_string__tm__58_cQ2_3std20char_traits__tm__2_cQ2_3std18allocator__tm__2_c)
                  00016500    000001a0                 : iostream.obj (.text:___ct__Q2_3std52basic_istream__tm__31_cQ2_3std20char_traits__tm__2_cFQ2_3std14_Uninitialized)
                  000166a0    000001a0                 : wiostrea.obj (.text:___ct__Q2_3std52basic_istream__tm__31_wQ2_3std20char_traits__tm__2_wFQ2_3std14_Uninitialized)
                  00016840    000001a0                 : iostream.obj (.text:___ct__Q2_3std52basic_ostream__tm__31_cQ2_3std20char_traits__tm__2_cFQ2_3std14_Uninitialized)
                  000169e0    000001a0                 : wiostrea.obj (.text:___ct__Q2_3std52basic_ostream__tm__31_wQ2_3std20char_traits__tm__2_wFQ2_3std14_Uninitialized)
                  00016b80    000001a0                 : ios.obj (.text:___dt__Q2_3std8ios_baseFv)
                  00016d20    000001a0                 : _bufread.obj (.text:__buff_read)
                  00016ec0    000001a0                 : _printfi.obj (.text:__pproc_fflags)
                  00017060    000001a0                 : wiostrea.obj (.text:_do_narrow__Q2_3std17ctype__tm__2_w__SCFPCwT1cPc)
                  00017200    000001a0                 : fputc.obj (.text:_fputc)
                  000173a0    00000180                 : iostream.obj (.text:___sti___12_iostream_cpp_3a72482d)
                  00017520    00000180                 : fopen.obj (.text:__search_fp)
                  000176a0    00000180                 : wiostrea.obj (.text:_do_is__Q2_3std17ctype__tm__2_w__SCFPCwT1Ps)
                  00017820    00000180                 : iostream.obj (.text:_setbuf__Q2_3std52basic_filebuf__tm__31_cQ2_3std20char_traits__tm__2_cFPZ1Zi_PQ2_3std29basic_streambuf__tm__7_Z1ZZ2Z)
                  000179a0    00000180                 : wiostrea.obj (.text:_xsgetn__Q2_3std54basic_streambuf__tm__31_wQ2_3std20char_traits__tm__2_wFPZ1Zi_i)
                  00017b20    00000160                 : trgdrv.obj (.text:_HOSTlseek)
                  00017c80    00000160                 : autoinit.obj (.text:__auto_init)
                  00017de0    00000160                 : string.obj (.text:_assign__Q2_3std78basic_string__tm__58_cQ2_3std20char_traits__tm__2_cQ2_3std18allocator__tm__2_cFPCZ1ZQ4_3std25_String_val__tm__7_Z1ZZ3Z5_Alty9size_type_RQ2_3std30basic_string__tm__10_Z1ZZ2ZZ3Z)
                  00017f40    00000160                 : fclose.obj (.text:_fclose)
                  000180a0    00000160                 : fgetc.obj (.text:_fgetc)
                  00018200    00000160                 : wiostrea.obj (.text:_setbuf__Q2_3std52basic_filebuf__tm__31_wQ2_3std20char_traits__tm__2_wFPZ1Zi_PQ2_3std29basic_streambuf__tm__7_Z1ZZ2Z)
                  00018360    00000160                 : wchar.obj (.text:_wmemcpy)
                  000184c0    00000160                 : iostream.obj (.text:_xsputn__Q2_3std54basic_streambuf__tm__31_cQ2_3std20char_traits__tm__2_cFPCZ1Zi_i)
                  00018620    00000160                 : wiostrea.obj (.text:_xsputn__Q2_3std54basic_streambuf__tm__31_wQ2_3std20char_traits__tm__2_wFPCZ1Zi_i)
                  00018780    00000140                 : trgdrv.obj (.text:_HOSTread)
                  000188c0    00000140                 : iostream.obj (.text:___dt__Q2_3std54basic_streambuf__tm__31_cQ2_3std20char_traits__tm__2_cFv)
                  00018a00    00000140                 : wiostrea.obj (.text:___dt__Q2_3std54basic_streambuf__tm__31_wQ2_3std20char_traits__tm__2_wFv)
                  00018b40    00000140                 : _io_perm.obj (.text:__wrt_ok)
                  00018c80    00000140                 : atoi.obj (.text:_atoi)
                  00018dc0    00000140                 : wiostrea.obj (.text:_do_length__Q2_3std21codecvt__tm__4_wci__SCFRCiPCcT2Ui)
                  00018f00    00000140                 : fflush.obj (.text:_fflush)
                  00019040    00000140                 : lowlev.obj (.text:_lseek)
                  00019180    00000140                 : lowlev.obj (.text:_read)
                  000192c0    00000140                 : ungetc.obj (.text:_ungetc)
                  00019400    00000140                 : lowlev.obj (.text:_write)
                  00019540    00000140                 : iostream.obj (.text:_xsgetn__Q2_3std54basic_streambuf__tm__31_cQ2_3std20char_traits__tm__2_cFPZ1Zi_i)
                  00019680    00000120                 : trgdrv.obj (.text:_HOSTopen)
                  000197a0    00000120                 : trgdrv.obj (.text:_HOSTwrite)
                  000198c0    00000120                 : string.obj (.text:___dt__Q2_3std11logic_errorFv)
                  000199e0    00000120                 : string.obj (.text:___dt__Q2_3std12length_errorFv)
                  00019b00    00000120                 : string.obj (.text:___dt__Q2_3std12out_of_rangeFv)
                  00019c20    00000120                 : ios.obj (.text:___dt__Q2_3std13runtime_errorFv)
                  00019d40    00000120                 : ios.obj (.text:___dt__Q3_3std8ios_base7failureFv)
                  00019e60    00000120                 : fopen.obj (.text:__cleanup)
                  00019f80    00000120                 : sinit.obj (.text:_call_dtors)
                  0001a0a0    00000120                 : lowlev.obj (.text:_close)
                  0001a1c0    00000120                 : exit.obj (.text:_exit)
                  0001a2e0    00000120                 : ltoa.obj (.text:_ltoa)
                  0001a400    00000120                 : memset.obj (.text:_memset)
                  0001a520    00000100                 : trgdrv.obj (.text:_HOSTclose)
                  0001a620    00000100                 : trgdrv.obj (.text:_HOSTunlink)
                  0001a720    00000100                 : locale0.obj (.text:__Fac_tidy)
                  0001a820    00000100                 : ios.obj (.text:__Tidy__Q2_3std8ios_baseFv)
                  0001a920    00000100                 : new_.obj (.text:___nw__FUi)
                  0001aa20    00000100                 : _printfi.obj (.text:__div)
                  0001ab20    00000100                 : imath40.obj (.text:__divli)
                  0001ac20    00000100                 : _printfi.obj (.text:__pconv_f)
                  0001ad20    00000100                 : wiostrea.obj (.text:_do_tolower__Q2_3std17ctype__tm__2_w__SCFPwPCw)
                  0001ae20    00000100                 : iostream.obj (.text:_do_toupper__Q2_3std17ctype__tm__2_c__SCFPcPCc)
                  0001af20    00000100                 : wiostrea.obj (.text:_do_toupper__Q2_3std17ctype__tm__2_w__SCFPwPCw)
                  0001b020    00000100                 : wiostrea.obj (.text:_do_unshift__Q2_3std21codecvt__tm__4_wci__SCFRiPcT2RPc)
                  0001b120    00000100                 : ios.obj (.text:_erase__Q2_3std78basic_string__tm__58_cQ2_3std20char_traits__tm__2_cQ2_3std18allocator__tm__2_cFQ4_3std25_String_val__tm__7_Z1ZZ3Z5_Alty9size_typeT1_RQ2_3std30basic_string__tm__10_Z1ZZ2ZZ3Z)
                  0001b220    00000100                 : locale0.obj (.text:_erase__Q2_3std78basic_string__tm__58_cQ2_3std20char_traits__tm__2_cQ2_3std18allocator__tm__2_cFQ4_3std25_String_val__tm__7_Z1ZZ3Z5_Alty9size_typeT1_RQ2_3std30basic_string__tm__10_Z1ZZ2ZZ3Z)
                  0001b320    00000100                 : fseek.obj (.text:_fseek)
                  0001b420    000000e0                 : iostream.obj (.text:__Init__Q2_3std52basic_filebuf__tm__31_cQ2_3std20char_traits__tm__2_cFPQ2_3std4FILEQ3_3std27basic_filebuf__tm__7_Z1ZZ2Z7_Initfl_v)
                  0001b500    000000e0                 : iostream.obj (.text:___dt__Q2_3std17ctype__tm__2_c__SFv)
                  0001b5e0    000000e0                 : locale0.obj (.text:___dt__Q2_3std6localeFv)
                  0001b6c0    000000e0                 : fflush.obj (.text:__doflush)
                  0001b7a0    000000e0                 : _printfi.obj (.text:__ecpy)
                  0001b880    000000e0                 : _printfi.obj (.text:__fcpy)
                  0001b960    000000e0                 : _io_perm.obj (.text:__rd_ok)
                  0001ba40    000000e0                 : atexit.obj (.text:_atexit)
                  0001bb20    000000e0                 : memory.obj (.text:_calloc)
                  0001bc00    000000e0                 : ftell.obj (.text:_ftell)
                  0001bce0    000000e0                 : memory.obj (.text:_minsert)
                  0001bdc0    000000e0                 : memory.obj (.text:_mremove)
                  0001bea0    000000e0                 : lowlev.obj (.text:_tabinit)
                  0001bf80    000000e0                 : iostream.obj (.text:_underflow__Q2_3std52basic_filebuf__tm__31_cQ2_3std20char_traits__tm__2_cFv_Q2_Z2Z8int_type)
                  0001c060    000000e0                 : wiostrea.obj (.text:_underflow__Q2_3std52basic_filebuf__tm__31_wQ2_3std20char_traits__tm__2_wFv_Q2_Z2Z8int_type)
                  0001c140    000000c0                 : throw.obj (.text:__Debug_message__3stdFPCcT1)
                  0001c200    000000c0                 : locale0.obj (.text:___ct__Q2_3std6localeFv)
                  0001c2c0    000000c0                 : locale0.obj (.text:___ct__Q2_3std78basic_string__tm__58_cQ2_3std20char_traits__tm__2_cQ2_3std18allocator__tm__2_cFv)
                  0001c380    000000c0                 : wiostrea.obj (.text:___dt__Q2_3std17ctype__tm__2_w__SFv)
                  0001c440    000000c0                 : iostream.obj (.text:___dt__Q2_3std52basic_istream__tm__31_cQ2_3std20char_traits__tm__2_cFv)
                  0001c500    000000c0                 : wiostrea.obj (.text:___dt__Q2_3std52basic_istream__tm__31_wQ2_3std20char_traits__tm__2_wFv)
                  0001c5c0    000000c0                 : iostream.obj (.text:___dt__Q2_3std52basic_ostream__tm__31_cQ2_3std20char_traits__tm__2_cFv)
                  0001c680    000000c0                 : wiostrea.obj (.text:___dt__Q2_3std52basic_ostream__tm__31_wQ2_3std20char_traits__tm__2_wFv)
                  0001c740    000000c0                 : divu.obj (.text:__divu)
                  0001c800    000000c0                 : cpy_tbl.obj (.text:_copy_in)
                  0001c8c0    000000c0                 : wiostrea.obj (.text:_do_scan_is__Q2_3std17ctype__tm__2_w__SCFsPCwT2)
                  0001c980    000000c0                 : wiostrea.obj (.text:_do_scan_not__Q2_3std17ctype__tm__2_w__SCFsPCwT2)
                  0001ca40    000000c0                 : wiostrea.obj (.text:_do_tolower__Q2_3std17ctype__tm__2_w__SCFw)
                  0001cb00    000000c0                 : wiostrea.obj (.text:_do_toupper__Q2_3std17ctype__tm__2_w__SCFw)
                  0001cbc0    000000c0                 : wiostrea.obj (.text:_do_widen__Q2_3std17ctype__tm__2_w__SCFPCcT1Pw)
                  0001cc80    000000c0                 : lowlev.obj (.text:_finddevice)
                  0001cd40    000000c0                 : printf.obj (.text:_printf)
                  0001ce00    000000a0                 : ios.obj (.text:__Addstd__Q2_3std8ios_baseFv)
                  0001cea0    000000a0                 : ios.obj (.text:__Callfns__Q2_3std8ios_baseFQ3_3std8ios_base5event)
                  0001cf40    000000a0                 : locale0.obj (.text:__Getfacet__Q2_3std6localeCFUi)
                  0001cfe0    000000a0                 : ios.obj (.text:__Raise__Q2_3std9exceptionCFv)
                  0001d080    000000a0                 : locale0.obj (.text:__Register__Q3_3std6locale5facetFv)
                  0001d120    000000a0                 : locale0.obj (.text:__Setgloballocale)
                  0001d1c0    000000a0                 : ios.obj (.text:___ct__Q2_3std48_String_val__tm__29_cQ2_3std18allocator__tm__2_cFQ3_Z2Z17rebind__tm__4_Z1Z5other)
                  0001d260    000000a0                 : iostream.obj (.text:___ct__Q2_3std48_String_val__tm__29_cQ2_3std18allocator__tm__2_cFQ3_Z2Z17rebind__tm__4_Z1Z5other)
                  0001d300    000000a0                 : locale0.obj (.text:___ct__Q2_3std48_String_val__tm__29_cQ2_3std18allocator__tm__2_cFQ3_Z2Z17rebind__tm__4_Z1Z5other)
                  0001d3a0    000000a0                 : string.obj (.text:___ct__Q2_3std48_String_val__tm__29_cQ2_3std18allocator__tm__2_cFQ3_Z2Z17rebind__tm__4_Z1Z5other)
                  0001d440    000000a0                 : wiostrea.obj (.text:___ct__Q2_3std48_String_val__tm__29_cQ2_3std18allocator__tm__2_cFQ3_Z2Z17rebind__tm__4_Z1Z5other)
                  0001d4e0    000000a0                 : iostream.obj (.text:___dt__Q2_3std48basic_ios__tm__31_cQ2_3std20char_traits__tm__2_cFv)
                  0001d580    000000a0                 : wiostrea.obj (.text:___dt__Q2_3std48basic_ios__tm__31_wQ2_3std20char_traits__tm__2_wFv)
                  0001d620    000000a0                 : fixdli.obj (.text:__fixdli)
                  0001d6c0    000000a0                 : mpyll.obj (.text:__mpyll)
                  0001d760    000000a0                 : imath40.obj (.text:__remli)
                  0001d800    000000a0                 : iostream.obj (.text:_do_tolower__Q2_3std17ctype__tm__2_c__SCFPcPCc)
                  0001d8a0    000000a0                 : fopen.obj (.text:_fopen)
                  0001d940    000000a0                 : trgmsg.obj (.text:_readmsg)
                  0001d9e0    000000a0                 : iostream.obj (.text:_sync__Q2_3std52basic_filebuf__tm__31_cQ2_3std20char_traits__tm__2_cFv_i)
                  0001da80    000000a0                 : wiostrea.obj (.text:_sync__Q2_3std52basic_filebuf__tm__31_wQ2_3std20char_traits__tm__2_wFv_i)
                  0001db20    000000a0                 : lowlev.obj (.text:_unlink)
                  0001dbc0    000000a0                 : trgmsg.obj (.text:_writemsg)
                  0001dc60    00000080                 : locale0.obj (.text:__Deletegloballocale)
                  0001dce0    00000080                 : iostream.obj (.text:__Init__Q2_3std54basic_streambuf__tm__31_cQ2_3std20char_traits__tm__2_cFv_v)
                  0001dd60    00000080                 : ios.obj (.text:__Init__Q2_3std8ios_baseFv)
                  0001dde0    00000080                 : iostream.obj (.text:___CPR169__seekoff__Q2_3std54basic_streambuf__tm__31_cQ2_3std20char_traits__tm__2_cFQ2_Z2Z8off_typeQ3_3std14_Iosb__tm__2_i8_SeekdirQ3_3stdJ95J9_Openmode_Q2_Z2Z8pos_type)
                  0001de60    00000080                 : wiostrea.obj (.text:___CPR169__seekoff__Q2_3std54basic_streambuf__tm__31_wQ2_3std20char_traits__tm__2_wFQ2_Z2Z8off_typeQ3_3std14_Iosb__tm__2_i8_SeekdirQ3_3stdJ95J9_Openmode_Q2_Z2Z8pos_type)
                  0001dee0    00000080                 : fltlid.obj (.text:__fltlid)
                  0001df60    00000080                 : llshift.obj (.text:__llshl)
                  0001dfe0    00000080                 : boot.obj (.text:_c_int00)
                  0001e060    00000080                 : wiostrea.obj (.text:_do_is__Q2_3std17ctype__tm__2_w__SCFsw)
                  0001e0e0    00000080                 : memccpy.obj (.text:_memccpy)
                  0001e160    00000080                 : memmov.obj (.text:_memmove)
                  0001e1e0    00000080                 : iostream.obj (.text:_seekpos__Q2_3std54basic_streambuf__tm__31_cQ2_3std20char_traits__tm__2_cFQ2_Z2Z8pos_typeQ3_3std14_Iosb__tm__2_i9_Openmode_Q2_Z2Z8pos_type)
                  0001e260    00000080                 : wiostrea.obj (.text:_seekpos__Q2_3std54basic_streambuf__tm__31_wQ2_3std20char_traits__tm__2_wFQ2_Z2Z8pos_typeQ3_3std14_Iosb__tm__2_i9_Openmode_Q2_Z2Z8pos_type)
                  0001e2e0    00000080                 : setlocale.obj (.text:_setlocale)
                  0001e360    00000080                 : strcmp.obj (.text:_strcmp)
                  0001e3e0    00000080                 : iostream.obj (.text:_uflow__Q2_3std54basic_streambuf__tm__31_cQ2_3std20char_traits__tm__2_cFv_Q2_Z2Z8int_type)
                  0001e460    00000080                 : wiostrea.obj (.text:_uflow__Q2_3std54basic_streambuf__tm__31_wQ2_3std20char_traits__tm__2_wFv_Q2_Z2Z8int_type)
                  0001e4e0    00000080                 : wchar.obj (.text:_ungetwc)
                  0001e560    00000060                 : throw.obj (.text:__Throw__3stdFRCQ2_3std9exception)
                  0001e5c0    00000060                 : isinf.obj (.text:___isinf)
                  0001e620    00000060                 : llshift.obj (.text:__llshru)
                  0001e680    00000060                 : imath64.obj (.text:__subcull)
                  0001e6e0    00000060                 : iostream.obj (.text:_do_narrow__Q2_3std17ctype__tm__2_c__SCFPCcT1cPc)
                  0001e740    00000060                 : wiostrea.obj (.text:_do_narrow__Q2_3std17ctype__tm__2_w__SCFwc)
                  0001e7a0    00000060                 : iostream.obj (.text:_do_widen__Q2_3std17ctype__tm__2_c__SCFPCcT1Pc)
                  0001e800    00000060                 : wiostrea.obj (.text:_do_widen__Q2_3std17ctype__tm__2_w__SCFc)
                  0001e860    00000060                 : fgetpos.obj (.text:_fgetpos)
                  0001e8c0    00000060                 : wchar.obj (.text:_mbrtowc)
                  0001e920    00000060                 : wchar.obj (.text:_wcrtomb)
                  0001e980    00000040                 : ios.obj (.text:__Decref__Q3_3std6locale5facetFv)
                  0001e9c0    00000040                 : sinit.obj (.text:___add_dtor)
                  0001ea00    00000040                 : iostream.obj (.text:___dt__Q2_3std10ctype_baseFv)
                  0001ea40    00000040                 : wiostrea.obj (.text:___dt__Q2_3std10ctype_baseFv)
                  0001ea80    00000040                 : iostream.obj (.text:___dt__Q2_3std12codecvt_baseFv)
                  0001eac0    00000040                 : wiostrea.obj (.text:___dt__Q2_3std12codecvt_baseFv)
                  0001eb00    00000040                 : iostream.obj (.text:___dt__Q2_3std18codecvt__tm__4_cciFv)
                  0001eb40    00000040                 : wiostrea.obj (.text:___dt__Q2_3std21codecvt__tm__4_wci__SFv)
                  0001eb80    00000040                 : locale.obj (.text:___dt__Q2_3std9bad_allocFv)
                  0001ebc0    00000040                 : string.obj (.text:___dt__Q2_3std9exceptionFv)
                  0001ec00    00000040                 : typeinfo_.obj (.text:___dt__Q2_3std9type_infoFv)
                  0001ec40    00000040                 : iostream.obj (.text:___dt__Q3_3std6locale5facetFv)
                  0001ec80    00000040                 : locale0.obj (.text:___dt__Q3_3std6locale5facetFv)
                  0001ecc0    00000040                 : wiostrea.obj (.text:___dt__Q3_3std6locale5facetFv)
                  0001ed00    00000040                 : _printfi.obj (.text:___isnan)
                  0001ed40    00000040                 : divd.obj (.text:___isnan)
                  0001ed80    00000040                 : args_main.obj (.text:__args_main)
                  0001edc0    00000040                 : iostream.obj (.text:_do_tolower__Q2_3std17ctype__tm__2_c__SCFc)
                  0001ee00    00000040                 : iostream.obj (.text:_do_toupper__Q2_3std17ctype__tm__2_c__SCFc)
                  0001ee40    00000040                 : wiostrea.obj (.text:_is__Q2_3std17ctype__tm__2_w__SCFsw)
                  0001ee80    00000040                 : multibyte.obj (.text:_mbtowc)
                  0001eec0    00000040                 : wiostrea.obj (.text:_narrow__Q2_3std17ctype__tm__2_w__SCFwc)
                  0001ef00    00000040                 : wiostrea.obj (.text:_widen__Q2_3std17ctype__tm__2_w__SCFc)
                  0001ef40    00000020                 : xatexit.obj (.text:__Atexit)
                  0001ef60    00000020                 : string.obj (.text:__Doraise__Q2_3std11logic_errorCFv)
                  0001ef80    00000020                 : string.obj (.text:__Doraise__Q2_3std12length_errorCFv)
                  0001efa0    00000020                 : string.obj (.text:__Doraise__Q2_3std12out_of_rangeCFv)
                  0001efc0    00000020                 : ios.obj (.text:__Doraise__Q2_3std13runtime_errorCFv)
                  0001efe0    00000020                 : string.obj (.text:__Doraise__Q2_3std9exceptionCFv)
                  0001f000    00000020                 : ios.obj (.text:__Doraise__Q3_3std8ios_base7failureCFv)
                  0001f020    00000020                 : locale0.obj (.text:__Getgloballocale)
                  0001f040    00000020                 : iostream.obj (.text:__Lock__Q2_3std54basic_streambuf__tm__31_cQ2_3std20char_traits__tm__2_cFv_v)
                  0001f060    00000020                 : wiostrea.obj (.text:__Lock__Q2_3std54basic_streambuf__tm__31_wQ2_3std20char_traits__tm__2_wFv_v)
                  0001f080    00000020                 : iostream.obj (.text:__Unlock__Q2_3std54basic_streambuf__tm__31_cQ2_3std20char_traits__tm__2_cFv_v)
                  0001f0a0    00000020                 : wiostrea.obj (.text:__Unlock__Q2_3std54basic_streambuf__tm__31_wQ2_3std20char_traits__tm__2_wFv_v)
                  0001f0c0    00000020                 : newhandler.obj (.text:___default_new_handler__Fv)
                  0001f0e0    00000020                 : delete.obj (.text:___dl__FPv)
                  0001f100    00000020                 : array_del.obj (.text:___dla__FPv)
                  0001f120    00000020                 : placenew.obj (.text:___nw__FUiPv)
                  0001f140    00000020                 : locale0.obj (.text:___sti___11_locale0_cpp_36e19383)
                  0001f160    00000020                 : negll.obj (.text:__negll)
                  0001f180    00000020                 : _lock.obj (.text:__nop)
                  0001f1a0    00000020                 : printf.obj (.text:__outc)
                  0001f1c0    00000020                 : printf.obj (.text:__outs)
                  0001f1e0    00000020                 : exit.obj (.text:_abort)
                  0001f200    00000020                 : iostream.obj (.text:_do_always_noconv__Q2_3std12codecvt_baseCFv)
                  0001f220    00000020                 : wiostrea.obj (.text:_do_always_noconv__Q2_3std12codecvt_baseCFv)
                  0001f240    00000020                 : wiostrea.obj (.text:_do_always_noconv__Q2_3std21codecvt__tm__4_wci__SCFv)
                  0001f260    00000020                 : iostream.obj (.text:_do_encoding__Q2_3std12codecvt_baseCFv)
                  0001f280    00000020                 : wiostrea.obj (.text:_do_encoding__Q2_3std12codecvt_baseCFv)
                  0001f2a0    00000020                 : wiostrea.obj (.text:_do_encoding__Q2_3std21codecvt__tm__4_wci__SCFv)
                  0001f2c0    00000020                 : iostream.obj (.text:_do_in__Q2_3std18codecvt__tm__4_cciCFRZ3ZPCZ2ZT2RPCZ2ZPZ1ZT5RPZ1Z_i)
                  0001f2e0    00000020                 : iostream.obj (.text:_do_length__Q2_3std18codecvt__tm__4_cciCFRCZ3ZPCZ2ZT2Ui_i)
                  0001f300    00000020                 : iostream.obj (.text:_do_max_length__Q2_3std12codecvt_baseCFv)
                  0001f320    00000020                 : wiostrea.obj (.text:_do_max_length__Q2_3std12codecvt_baseCFv)
                  0001f340    00000020                 : wiostrea.obj (.text:_do_max_length__Q2_3std21codecvt__tm__4_wci__SCFv)
                  0001f360    00000020                 : iostream.obj (.text:_do_narrow__Q2_3std17ctype__tm__2_c__SCFcT1)
                  0001f380    00000020                 : iostream.obj (.text:_do_out__Q2_3std18codecvt__tm__4_cciCFRZ3ZPCZ1ZT2RPCZ1ZPZ2ZT5RPZ2Z_i)
                  0001f3a0    00000020                 : iostream.obj (.text:_do_unshift__Q2_3std18codecvt__tm__4_cciCFRZ3ZPZ2ZT2RPZ2Z_i)
                  0001f3c0    00000020                 : iostream.obj (.text:_do_widen__Q2_3std17ctype__tm__2_c__SCFc)
                  0001f3e0    00000020                 : wchar.obj (.text:_fgetwc)
                  0001f400    00000020                 : wchar.obj (.text:_fputwc)
                  0001f420    00000020                 : fsetpos.obj (.text:_fsetpos)
                  0001f440    00000020                 : iostream.obj (.text:_imbue__Q2_3std54basic_streambuf__tm__31_cQ2_3std20char_traits__tm__2_cFRCQ2_3std6locale_v)
                  0001f460    00000020                 : wiostrea.obj (.text:_imbue__Q2_3std54basic_streambuf__tm__31_wQ2_3std20char_traits__tm__2_wFRCQ2_3std6locale_v)
                  0001f480    00000020                 : iostream.obj (.text:_overflow__Q2_3std54basic_streambuf__tm__31_cQ2_3std20char_traits__tm__2_cFQ2_Z2Z8int_type_Q2_Z2Z8int_type)
                  0001f4a0    00000020                 : wiostrea.obj (.text:_overflow__Q2_3std54basic_streambuf__tm__31_wQ2_3std20char_traits__tm__2_wFQ2_Z2Z8int_type_Q2_Z2Z8int_type)
                  0001f4c0    00000020                 : iostream.obj (.text:_pbackfail__Q2_3std54basic_streambuf__tm__31_cQ2_3std20char_traits__tm__2_cFQ2_Z2Z8int_type_Q2_Z2Z8int_type)
                  0001f4e0    00000020                 : wiostrea.obj (.text:_pbackfail__Q2_3std54basic_streambuf__tm__31_wQ2_3std20char_traits__tm__2_wFQ2_Z2Z8int_type_Q2_Z2Z8int_type)
                  0001f500    00000020                 : remove.obj (.text:_remove)
                  0001f520    00000020                 : iostream.obj (.text:_setbuf__Q2_3std54basic_streambuf__tm__31_cQ2_3std20char_traits__tm__2_cFPZ1Zi_PQ2_3std29basic_streambuf__tm__7_Z1ZZ2Z)
                  0001f540    00000020                 : wiostrea.obj (.text:_setbuf__Q2_3std54basic_streambuf__tm__31_wQ2_3std20char_traits__tm__2_wFPZ1Zi_PQ2_3std29basic_streambuf__tm__7_Z1ZZ2Z)
                  0001f560    00000020                 : iostream.obj (.text:_showmanyc__Q2_3std54basic_streambuf__tm__31_cQ2_3std20char_traits__tm__2_cFv_i)
                  0001f580    00000020                 : wiostrea.obj (.text:_showmanyc__Q2_3std54basic_streambuf__tm__31_wQ2_3std20char_traits__tm__2_wFv_i)
                  0001f5a0    00000020                 : iostream.obj (.text:_sync__Q2_3std54basic_streambuf__tm__31_cQ2_3std20char_traits__tm__2_cFv_i)
                  0001f5c0    00000020                 : wiostrea.obj (.text:_sync__Q2_3std54basic_streambuf__tm__31_wQ2_3std20char_traits__tm__2_wFv_i)
                  0001f5e0    00000020                 : locale0.obj (.text:_tidy_global__3stdFKv)
                  0001f600    00000020                 : iostream.obj (.text:_underflow__Q2_3std54basic_streambuf__tm__31_cQ2_3std20char_traits__tm__2_cFv_Q2_Z2Z8int_type)
                  0001f620    00000020                 : wiostrea.obj (.text:_underflow__Q2_3std54basic_streambuf__tm__31_wQ2_3std20char_traits__tm__2_wFv_Q2_Z2Z8int_type)
                  0001f640    00000020                 : multibyte.obj (.text:_wctomb)
                  0001f660    00000020                 : string.obj (.text:_what__Q2_3std11logic_errorCFv)
                  0001f680    00000020                 : ios.obj (.text:_what__Q2_3std13runtime_errorCFv)
                  0001f6a0    00000020                 : string.obj (.text:_what__Q2_3std9exceptionCFv)

.const     0    0001f6c0    00002348     
                  0001f6c0    000003ed     rts6700.lib : wlocale.obj (.const:.string)
                  0001faad    000002cb                 : xlocale.obj (.const:.string)
                  0001fd78    00000202                 : xlocinfo.obj (.const:__Ctyptab__3std)
                  0001ff7a    00000002                 : fputs.obj (.const:.string)
                  0001ff7c    000001ea                 : wlocale.obj (.const)
                  00020166    00000188                 : wiostrea.obj (.const:.string)
                  000202ee    00000178                 : iostream.obj (.const:.string)
                  00020466    00000002     --HOLE-- [fill = 0]
                  00020468    0000015a                 : xlocale.obj (.const)
                  000205c2    00000154                 : locale.obj (.const:.string)
                  00020716    00000002     --HOLE-- [fill = 0]
                  00020718    0000012d                 : locale.obj (.const)
                  00020845    00000003     --HOLE-- [fill = 0]
                  00020848    00000101                 : ctype.obj (.const:__ctypes_)
                  00020949    00000003     --HOLE-- [fill = 0]
                  0002094c    000000e9                 : wiostrea.obj (.const)
                  00020a35    00000003     --HOLE-- [fill = 0]
                  00020a38    000000e8                 : iostream.obj (.const)
                  00020b20    000000a4     main.obj (.const:.string)
                  00020bc4    0000009f     rts6700.lib : ios.obj (.const:.string)
                  00020c63    00000099                 : strftime.obj (.const:.string)
                  00020cfc    00000004                 : wiostrea.obj (.const:_$P$T118$3)
                  00020d00    00000088                 : ios.obj (.const)
                  00020d88    00000080     main.obj (.const:___vtbl__Q2_3std52basic_filebuf__tm__31_cQ2_3std20char_traits__tm__2_c)
                  00020e08    00000080     rts6700.lib : iostream.obj (.const:___vtbl__Q2_3std52basic_filebuf__tm__31_cQ2_3std20char_traits__tm__2_c)
                  00020e88    00000080                 : wiostrea.obj (.const:___vtbl__Q2_3std52basic_filebuf__tm__31_wQ2_3std20char_traits__tm__2_w)
                  00020f08    00000080     main.obj (.const:___vtbl__Q2_3std54basic_streambuf__tm__31_cQ2_3std20char_traits__tm__2_c)
                  00020f88    00000080     rts6700.lib : iostream.obj (.const:___vtbl__Q2_3std54basic_streambuf__tm__31_cQ2_3std20char_traits__tm__2_c)
                  00021008    00000080                 : wiostrea.obj (.const:___vtbl__Q2_3std54basic_streambuf__tm__31_wQ2_3std20char_traits__tm__2_w)
                  00021088    00000074                 : string.obj (.const:.string)
                  000210fc    00000070                 : wiostrea.obj (.const:___vtbl__Q2_3std14ctype__tm__2_w)
                  0002116c    00000054                 : string.obj (.const)
                  000211c0    00000050     main.obj (.const:___vtbl__Q2_3std14ctype__tm__2_c)
                  00021210    00000050     rts6700.lib : iostream.obj (.const:___vtbl__Q2_3std14ctype__tm__2_c)
                  00021260    00000048     main.obj (.const:___vtbl__Q2_3std18codecvt__tm__4_cci)
                  000212a8    00000048     rts6700.lib : iostream.obj (.const:___vtbl__Q2_3std18codecvt__tm__4_cci)
                  000212f0    00000048                 : wiostrea.obj (.const:___vtbl__Q2_3std18codecvt__tm__4_wci)
                  00021338    0000003c                 : fiopen.obj (.const:_valid__L0___Fiopen__3stdFPCcQ3_3std14_Iosb__tm__2_i9_Openmodei)
                  00021374    00000038                 : locale0.obj (.const)
                  000213ac    0000002c                 : locale0.obj (.const:.string)
                  000213d8    00000028     main.obj (.const:___vtbl__Q2_3std12codecvt_base)
                  00021400    00000028     rts6700.lib : iostream.obj (.const:___vtbl__Q2_3std12codecvt_base)
                  00021428    00000028                 : wiostrea.obj (.const:___vtbl__Q2_3std12codecvt_base)
                  00021450    00000024                 : fiopen.obj (.const:.string)
                  00021474    00000023                 : _printfi.obj (.const:.string)
                  00021497    00000001     --HOLE-- [fill = 0]
                  00021498    00000020     main.obj (.const:___vtbl__Q2_3std11logic_error)
                  000214b8    00000020     rts6700.lib : string.obj (.const:___vtbl__Q2_3std11logic_error)
                  000214d8    00000020     main.obj (.const:___vtbl__Q2_3std12length_error)
                  000214f8    00000020     rts6700.lib : string.obj (.const:___vtbl__Q2_3std12length_error)
                  00021518    00000020                 : string.obj (.const:___vtbl__Q2_3std12out_of_range)
                  00021538    00000020                 : ios.obj (.const:___vtbl__Q2_3std13runtime_error)
                  00021558    00000020                 : string.obj (.const:___vtbl__Q2_3std9exception)
                  00021578    00000020                 : ios.obj (.const:___vtbl__Q3_3std8ios_base7failure)
                  00021598    00000020                 : fiopen.obj (.const)
                  000215b8    00000016                 : throw.obj (.const:.string)
                  000215ce    00000002     --HOLE-- [fill = 0]
                  000215d0    00000014                 : typeinfo_.obj (.const)
                  000215e4    00000010     main.obj (.const:___CPR130____vtbl__57Q2_3std48basic_ios__tm__31_cQ2_3std20char_traits__tm__2_c__Q2_3std52basic_istream__tm__J34J)
                  000215f4    00000010     rts6700.lib : iostream.obj (.const:___CPR130____vtbl__57Q2_3std48basic_ios__tm__31_cQ2_3std20char_traits__tm__2_c__Q2_3std52basic_istream__tm__J34J)
                  00021604    00000010                 : iostream.obj (.const:___CPR130____vtbl__57Q2_3std48basic_ios__tm__31_cQ2_3std20char_traits__tm__2_c__Q2_3std52basic_ostream__tm__J34J)
                  00021614    00000010                 : wiostrea.obj (.const:___CPR130____vtbl__57Q2_3std48basic_ios__tm__31_wQ2_3std20char_traits__tm__2_w__Q2_3std52basic_istream__tm__J34J)
                  00021624    00000010                 : wiostrea.obj (.const:___CPR130____vtbl__57Q2_3std48basic_ios__tm__31_wQ2_3std20char_traits__tm__2_w__Q2_3std52basic_ostream__tm__J34J)
                  00021634    00000010     main.obj (.const:___CPR131____vtbl__57Q2_3std48basic_ios__tm__31_cQ2_3std20char_traits__tm__2_c__Q2_3std53basic_ifstream__tm__J34J)
                  00021644    00000010     main.obj (.const:___CPR196____vtbl__57Q2_3std48basic_ios__tm__31_cQ2_3std20char_traits__tm__2_c__61Q2_3std52basic_istream__tm__J34J__Q2_3std53basic_ifstream__tm__J34J)
                  00021654    00000010     main.obj (.const:___vtbl__18firFilter__tm__2_f)
                  00021664    00000010     main.obj (.const:___vtbl__25firFilterWithLMS__tm__2_f)
                  00021674    00000010     main.obj (.const:___vtbl__Q2_3std10ctype_base)
                  00021684    00000010     rts6700.lib : iostream.obj (.const:___vtbl__Q2_3std10ctype_base)
                  00021694    00000010                 : wiostrea.obj (.const:___vtbl__Q2_3std10ctype_base)
                  000216a4    00000010     main.obj (.const:___vtbl__Q2_3std48basic_ios__tm__31_cQ2_3std20char_traits__tm__2_c)
                  000216b4    00000010     rts6700.lib : iostream.obj (.const:___vtbl__Q2_3std48basic_ios__tm__31_cQ2_3std20char_traits__tm__2_c)
                  000216c4    00000010                 : wiostrea.obj (.const:___vtbl__Q2_3std48basic_ios__tm__31_wQ2_3std20char_traits__tm__2_w)
                  000216d4    00000010     main.obj (.const:___vtbl__Q2_3std52basic_istream__tm__31_cQ2_3std20char_traits__tm__2_c)
                  000216e4    00000010     rts6700.lib : iostream.obj (.const:___vtbl__Q2_3std52basic_istream__tm__31_cQ2_3std20char_traits__tm__2_c)
                  000216f4    00000010                 : wiostrea.obj (.const:___vtbl__Q2_3std52basic_istream__tm__31_wQ2_3std20char_traits__tm__2_w)
                  00021704    00000010                 : iostream.obj (.const:___vtbl__Q2_3std52basic_ostream__tm__31_cQ2_3std20char_traits__tm__2_c)
                  00021714    00000010                 : wiostrea.obj (.const:___vtbl__Q2_3std52basic_ostream__tm__31_wQ2_3std20char_traits__tm__2_w)
                  00021724    00000010     main.obj (.const:___vtbl__Q2_3std53basic_ifstream__tm__31_cQ2_3std20char_traits__tm__2_c)
                  00021734    00000010     rts6700.lib : ios.obj (.const:___vtbl__Q2_3std8ios_base)
                  00021744    00000010                 : typeinfo_.obj (.const:___vtbl__Q2_3std9type_info)
                  00021754    00000010     main.obj (.const:___vtbl__Q3_3std6locale5facet)
                  00021764    00000010     rts6700.lib : iostream.obj (.const:___vtbl__Q3_3std6locale5facet)
                  00021774    00000010                 : locale0.obj (.const:___vtbl__Q3_3std6locale5facet)
                  00021784    00000010                 : wiostrea.obj (.const:___vtbl__Q3_3std6locale5facet)
                  00021794    00000010                 : locale0.obj (.const:___vtbl__Q3_3std6locale7_Locimp)
                  000217a4    0000000f                 : typeinfo_.obj (.const:.string)
                  000217b3    00000001     --HOLE-- [fill = 0]
                  000217b4    0000000c     main.obj (.const)
                  000217c0    00000008     rts6700.lib : ios.obj (.const:_$P$T0)
                  000217c8    00000008                 : iostream.obj (.const:_$P$T0)
                  000217d0    00000008                 : locale.obj (.const:_$P$T0)
                  000217d8    00000008                 : locale0.obj (.const:_$P$T0)
                  000217e0    00000008                 : string.obj (.const:_$P$T0)
                  000217e8    00000008                 : wiostrea.obj (.const:_$P$T0)
                  000217f0    00000008                 : wlocale.obj (.const:_$P$T0)
                  000217f8    00000008                 : xlocale.obj (.const:_$P$T0)
                  00021800    00000008                 : wlocale.obj (.const:_$P$T10)
                  00021808    00000008                 : xlocale.obj (.const:_$P$T10)
                  00021810    00000008                 : wlocale.obj (.const:_$P$T11)
                  00021818    00000008                 : xlocale.obj (.const:_$P$T11)
                  00021820    00000008                 : wlocale.obj (.const:_$P$T12)
                  00021828    00000008                 : xlocale.obj (.const:_$P$T12)
                  00021830    00000008                 : wlocale.obj (.const:_$P$T13)
                  00021838    00000008                 : xlocale.obj (.const:_$P$T13)
                  00021840    00000008                 : wlocale.obj (.const:_$P$T14)
                  00021848    00000008                 : wlocale.obj (.const:_$P$T15)
                  00021850    00000008                 : wlocale.obj (.const:_$P$T16)
                  00021858    00000008     main.obj (.const:_$P$T170$4)
                  00021860    00000008     main.obj (.const:_$P$T174$5)
                  00021868    00000008     rts6700.lib : wlocale.obj (.const:_$P$T17)
                  00021870    00000008                 : wlocale.obj (.const:_$P$T18)
                  00021878    00000008                 : ios.obj (.const:_$P$T1)
                  00021880    00000008                 : iostream.obj (.const:_$P$T1)
                  00021888    00000008                 : locale.obj (.const:_$P$T1)
                  00021890    00000008                 : string.obj (.const:_$P$T1)
                  00021898    00000008                 : wiostrea.obj (.const:_$P$T1)
                  000218a0    00000008                 : wlocale.obj (.const:_$P$T1)
                  000218a8    00000008                 : xlocale.obj (.const:_$P$T1)
                  000218b0    00000008                 : ios.obj (.const:_$P$T2)
                  000218b8    00000008                 : iostream.obj (.const:_$P$T2)
                  000218c0    00000008                 : locale.obj (.const:_$P$T2)
                  000218c8    00000008                 : string.obj (.const:_$P$T2)
                  000218d0    00000008                 : wiostrea.obj (.const:_$P$T2)
                  000218d8    00000008                 : wlocale.obj (.const:_$P$T2)
                  000218e0    00000008                 : xlocale.obj (.const:_$P$T2)
                  000218e8    00000008                 : iostream.obj (.const:_$P$T3)
                  000218f0    00000008                 : locale.obj (.const:_$P$T3)
                  000218f8    00000008                 : wiostrea.obj (.const:_$P$T3)
                  00021900    00000008                 : wlocale.obj (.const:_$P$T3)
                  00021908    00000008                 : xlocale.obj (.const:_$P$T3)
                  00021910    00000008                 : iostream.obj (.const:_$P$T4)
                  00021918    00000008                 : locale.obj (.const:_$P$T4)
                  00021920    00000008                 : wiostrea.obj (.const:_$P$T4)
                  00021928    00000008                 : wlocale.obj (.const:_$P$T4)
                  00021930    00000008                 : xlocale.obj (.const:_$P$T4)
                  00021938    00000008                 : iostream.obj (.const:_$P$T5)
                  00021940    00000008                 : locale.obj (.const:_$P$T5)
                  00021948    00000008                 : wiostrea.obj (.const:_$P$T5)
                  00021950    00000008                 : wlocale.obj (.const:_$P$T5)
                  00021958    00000008                 : xlocale.obj (.const:_$P$T5)
                  00021960    00000008                 : iostream.obj (.const:_$P$T6)
                  00021968    00000008                 : locale.obj (.const:_$P$T6)
                  00021970    00000008                 : wiostrea.obj (.const:_$P$T6)
                  00021978    00000008                 : wlocale.obj (.const:_$P$T6)
                  00021980    00000008                 : xlocale.obj (.const:_$P$T6)
                  00021988    00000008                 : iostream.obj (.const:_$P$T7)
                  00021990    00000008                 : locale.obj (.const:_$P$T7)
                  00021998    00000008                 : wiostrea.obj (.const:_$P$T7)
                  000219a0    00000008                 : wlocale.obj (.const:_$P$T7)
                  000219a8    00000008                 : xlocale.obj (.const:_$P$T7)
                  000219b0    00000008                 : locale.obj (.const:_$P$T8)
                  000219b8    00000008                 : wlocale.obj (.const:_$P$T8)
                  000219c0    00000008                 : xlocale.obj (.const:_$P$T8)
                  000219c8    00000008                 : wlocale.obj (.const:_$P$T9)
                  000219d0    00000008                 : xlocale.obj (.const:_$P$T9)
                  000219d8    00000008                 : divd.obj (.const:_initial_approx$1)
                  000219e0    00000005                 : setlocale.obj (.const:.string)
                  000219e5    00000003     --HOLE-- [fill = 0]
                  000219e8    00000004                 : wiostrea.obj (.const:_$P$T123$4)
                  000219ec    00000004                 : iostream.obj (.const:_$P$T125$2)
                  000219f0    00000004                 : iostream.obj (.const:_$P$T130$3)
                  000219f4    00000004                 : wiostrea.obj (.const:_$P$T130$6)
                  000219f8    00000004                 : wiostrea.obj (.const:_$P$T135$7)
                  000219fc    00000004                 : iostream.obj (.const:_$P$T137$5)
                  00021a00    00000004                 : iostream.obj (.const:_$P$T142$6)
                  00021a04    00000004     main.obj (.const:_$P$T163$2)

.far       0    00021a08    00000c4c     UNINITIALIZED
                  00021a08    000002ac     rts6700.lib : iostream.obj (.far)
                  00021cb4    00000268                 : wiostrea.obj (.far)
                  00021f1c    00000194                 : defs.obj (.far)
                  000220b0    00000188                 : atexit.obj (.far)
                  00022238    000000d0                 : trgdrv.obj (.far)
                  00022308    000000cc                 : lowlev.obj (.far)
                  000223d4    00000064                 : wlocale.obj (.far)
                  00022438    00000060                 : ios.obj (.far)
                  00022498    00000054                 : locale.obj (.far)
                  000224ec    00000044                 : xlocale.obj (.far)
                  00022530    00000040                 : fiopen.obj (.far)
                  00022570    00000034                 : setlocale.obj (.far)
                  000225a4    00000030     main.obj (.far)
                  000225d4    0000002c     rts6700.lib : locale0.obj (.far)
                  00022600    00000018                 : tmzone.obj (.far)
                  00022618    0000000c                 : exit.obj (.far)
                  00022624    0000000a                 : _tvaltostr.obj (.far)
                  0002262e    00000002     --HOLE--
                  00022630    00000008                 : _lock.obj (.far)
                  00022638    00000008                 : memory.obj (.far)
                  00022640    00000004                 : errno.obj (.far)
                  00022644    00000004                 : fopen.obj (.far)
                  00022648    00000004                 : raisehan.obj (.far)
                  0002264c    00000004                 : sinit.obj (.far)
                  00022650    00000004                 : vars.obj (.far)

.cinit     0    00022658    0000096c     
                  00022658    0000018c     rts6700.lib : wlocale.obj (.cinit)
                  000227e4    00000004     --HOLE-- [fill = 0]
                  000227e8    0000013c                 : iostream.obj (.cinit)
                  00022924    00000004     --HOLE-- [fill = 0]
                  00022928    0000010c                 : xlocale.obj (.cinit)
                  00022a34    00000004     --HOLE-- [fill = 0]
                  00022a38    00000104                 : wiostrea.obj (.cinit)
                  00022b3c    00000004     --HOLE-- [fill = 0]
                  00022b40    000000dc                 : locale.obj (.cinit)
                  00022c1c    00000004     --HOLE-- [fill = 0]
                  00022c20    00000084                 : locale0.obj (.cinit)
                  00022ca4    00000004     --HOLE-- [fill = 0]
                  00022ca8    0000005c                 : defs.obj (.cinit)
                  00022d04    00000004     --HOLE-- [fill = 0]
                  00022d08    0000005c                 : ios.obj (.cinit)
                  00022d64    00000004     --HOLE-- [fill = 0]
                  00022d68    0000005c                 : lowlev.obj (.cinit)
                  00022dc4    00000004     --HOLE-- [fill = 0]
                  00022dc8    00000054                 : fiopen.obj (.cinit)
                  00022e1c    00000004     --HOLE-- [fill = 0]
                  00022e20    0000004c     main.obj (.cinit)
                  00022e6c    00000004     --HOLE-- [fill = 0]
                  00022e70    00000039     rts6700.lib : setlocale.obj (.cinit)
                  00022ea9    00000007     --HOLE-- [fill = 0]
                  00022eb0    0000002c                 : exit.obj (.cinit)
                  00022edc    00000004     --HOLE-- [fill = 0]
                  00022ee0    0000002c                 : memory.obj (.cinit)
                  00022f0c    00000004     --HOLE-- [fill = 0]
                  00022f10    00000020                 : tmzone.obj (.cinit)
                  00022f30    0000001c                 : _lock.obj (.cinit)
                  00022f4c    00000004     --HOLE-- [fill = 0]
                  00022f50    0000001c                 : atexit.obj (.cinit)
                  00022f6c    00000004     --HOLE-- [fill = 0]
                  00022f70    0000000c                 : errno.obj (.cinit)
                  00022f7c    00000004     --HOLE-- [fill = 0]
                  00022f80    0000000c                 : fopen.obj (.cinit)
                  00022f8c    00000004     --HOLE-- [fill = 0]
                  00022f90    0000000c                 : raisehan.obj (.cinit)
                  00022f9c    00000004     --HOLE-- [fill = 0]
                  00022fa0    0000000c                 : sinit.obj (.cinit)
                  00022fac    00000004     --HOLE-- [fill = 0]
                  00022fb0    0000000c                 : vars.obj (.cinit)
                  00022fbc    00000004     --HOLE-- [fill = 0]
                  00022fc0    00000004     (.pad.cinit) [fill = 0]

.stack     0    00022fc8    00000400     UNINITIALIZED
                  00022fc8    00000008     rts6700.lib : boot.obj (.stack)
                  00022fd0    000003f8     --HOLE--

.sysmem    0    000233c8    00000400     UNINITIALIZED
                  000233c8    00000008     rts6700.lib : memory.obj (.sysmem)
                  000233d0    000003f8     --HOLE--

.cio       0    000237c8    00000120     UNINITIALIZED
                  000237c8    00000120     rts6700.lib : trgmsg.obj (.cio)


GLOBAL SYMBOLS: SORTED ALPHABETICALLY BY Name 

address    name
--------   ----
00000008   $bss
00000008   .bss
00000008   .data
00000020   .text
0001f1e0   C$$EXIT
0001dc38   C$$IO$$
00022570   _C_locale
0001a520   _HOSTclose
00017b20   _HOSTlseek
00019680   _HOSTopen
00018780   _HOSTread
000131c0   _HOSTrename
0001a620   _HOSTunlink
000197a0   _HOSTwrite
0001ce00   __Addstd__Q2_3std8ios_baseFv
0001ef40   __Atexit
00020d80   __BADOFF__3std
000237c8   __CIOBUF_
0001cea0   __Callfns__Q2_3std8ios_baseFQ3_3std8ios_base5event
000225d8   __Clocptr__Q3_3std6locale7_Locimp
0001c140   __Debug_message__3stdFPCcT1
0001dc60   __Deletegloballocale
0001a720   __Fac_tidy
0000fb40   __Fiopen__3stdFPCcQ3_3std14_Iosb__tm__2_i9_Openmodei
00022440   __Fpz__3std
00014220   __Getctyptab
0001cf40   __Getfacet__Q2_3std6localeCFUi
0001f020   __Getgloballocale
000225d4   __Id_cnt__Q3_3std6locale2id
00022438   __Index__Q2_3std8ios_base
0000fe60   __Init__Q2_3std6localeSFv
0001dd60   __Init__Q2_3std8ios_baseFv
00021cb8   __Init_cnt__Q2_3std6_Winit
00021a68   __Init_cnt__Q3_3std8ios_base4Init
00021a08   __PJP_CPP_Copyright
000225a4   __Psave__Q2_3std41_Facetptr__tm__24_Q2_3std14ctype__tm__2_c
000225b4   __Psave__Q2_3std45_Facetptr__tm__28_Q2_3std18codecvt__tm__4_cci
00022648   __Raise_handler__3std
0001d080   __Register__Q3_3std6locale5facetFv
000233c8   __STACK_END
00000400   __STACK_SIZE
00000400   __SYSMEM_SIZE
0001d120   __Setgloballocale
000225ac   __Stinit__Q2_3std52basic_filebuf__tm__31_cQ2_3std20char_traits__tm__2_c
000225a8   __Stz__Q2_3std13fpos__tm__2_i
0002243c   __Sync__Q2_3std8ios_base
00000001   __TI_args_main
0001e560   __Throw__3stdFRCQ2_3std9exception
0001a820   __Tidy__Q2_3std8ios_baseFv
00013820   __Xlen__Q2_3std12_String_baseCFv
00013a20   __Xran__Q2_3std12_String_baseCFv
00000107   ___TID_Q2_3std10ctype_base
0000011f   ___TID_Q2_3std10money_base
00000110   ___TID_Q2_3std11logic_error
0000010d   ___TID_Q2_3std12codecvt_base
00000111   ___TID_Q2_3std12length_error
00000112   ___TID_Q2_3std12out_of_range
0000011d   ___TID_Q2_3std13messages_base
00000102   ___TID_Q2_3std13runtime_error
00000104   ___TID_Q2_3std14_Iosb__tm__2_i
00000108   ___TID_Q2_3std14ctype__tm__2_c
00000114   ___TID_Q2_3std14ctype__tm__2_w
00000134   ___TID_Q2_3std16_Mpunct__tm__2_c
00000127   ___TID_Q2_3std16_Mpunct__tm__2_w
00000136   ___TID_Q2_3std16collate__tm__2_c
00000128   ___TID_Q2_3std16collate__tm__2_w
00000133   ___TID_Q2_3std17messages__tm__2_c
00000123   ___TID_Q2_3std17messages__tm__2_w
0000012c   ___TID_Q2_3std17numpunct__tm__2_c
00000120   ___TID_Q2_3std17numpunct__tm__2_w
00000105   ___TID_Q2_3std18codecvt__tm__4_cci
00000116   ___TID_Q2_3std18codecvt__tm__4_wci
00000130   ___TID_Q2_3std28moneypunct__tm__10_cXCbL_1_0
00000131   ___TID_Q2_3std28moneypunct__tm__10_cXCbL_1_1
00000121   ___TID_Q2_3std28moneypunct__tm__10_wXCbL_1_0
00000122   ___TID_Q2_3std28moneypunct__tm__10_wXCbL_1_1
0000010c   ___TID_Q2_3std48basic_ios__tm__31_cQ2_3std20char_traits__tm__2_c
00000113   ___TID_Q2_3std48basic_ios__tm__31_wQ2_3std20char_traits__tm__2_w
00000106   ___TID_Q2_3std52basic_filebuf__tm__31_cQ2_3std20char_traits__tm__2_c
00000119   ___TID_Q2_3std52basic_filebuf__tm__31_wQ2_3std20char_traits__tm__2_w
0000010b   ___TID_Q2_3std52basic_istream__tm__31_cQ2_3std20char_traits__tm__2_c
00000117   ___TID_Q2_3std52basic_istream__tm__31_wQ2_3std20char_traits__tm__2_w
0000010a   ___TID_Q2_3std52basic_ostream__tm__31_cQ2_3std20char_traits__tm__2_c
00000115   ___TID_Q2_3std52basic_ostream__tm__31_wQ2_3std20char_traits__tm__2_w
0000010e   ___TID_Q2_3std54basic_streambuf__tm__31_cQ2_3std20char_traits__tm__2_c
00000118   ___TID_Q2_3std54basic_streambuf__tm__31_wQ2_3std20char_traits__tm__2_w
0000012d   ___TID_Q2_3std84num_get__tm__69_cQ2_3std58istreambuf_iterator__tm__31_cQ2_3std20char_traits__tm__2_c
0000011e   ___TID_Q2_3std84num_get__tm__69_wQ2_3std58istreambuf_iterator__tm__31_wQ2_3std20char_traits__tm__2_w
0000012b   ___TID_Q2_3std84num_put__tm__69_cQ2_3std58ostreambuf_iterator__tm__31_cQ2_3std20char_traits__tm__2_c
00000124   ___TID_Q2_3std84num_put__tm__69_wQ2_3std58ostreambuf_iterator__tm__31_wQ2_3std20char_traits__tm__2_w
0000012e   ___TID_Q2_3std85time_get__tm__69_cQ2_3std58istreambuf_iterator__tm__31_cQ2_3std20char_traits__tm__2_c
00000125   ___TID_Q2_3std85time_get__tm__69_wQ2_3std58istreambuf_iterator__tm__31_wQ2_3std20char_traits__tm__2_w
00000135   ___TID_Q2_3std85time_put__tm__69_cQ2_3std58ostreambuf_iterator__tm__31_cQ2_3std20char_traits__tm__2_c
00000126   ___TID_Q2_3std85time_put__tm__69_wQ2_3std58ostreambuf_iterator__tm__31_wQ2_3std20char_traits__tm__2_w
00000132   ___TID_Q2_3std86money_get__tm__69_cQ2_3std58istreambuf_iterator__tm__31_cQ2_3std20char_traits__tm__2_c
0000011a   ___TID_Q2_3std86money_get__tm__69_wQ2_3std58istreambuf_iterator__tm__31_wQ2_3std20char_traits__tm__2_w
0000012f   ___TID_Q2_3std86money_put__tm__69_cQ2_3std58ostreambuf_iterator__tm__31_cQ2_3std20char_traits__tm__2_c
0000011b   ___TID_Q2_3std86money_put__tm__69_wQ2_3std58ostreambuf_iterator__tm__31_wQ2_3std20char_traits__tm__2_w
00000100   ___TID_Q2_3std8ios_base
0000012a   ___TID_Q2_3std9bad_alloc
00000101   ___TID_Q2_3std9exception
0000011c   ___TID_Q2_3std9time_base
00000129   ___TID_Q2_3std9type_info
00000109   ___TID_Q3_3std6locale5facet
0000010f   ___TID_Q3_3std6locale7_Locimp
00000103   ___TID_Q3_3std8ios_base7failure
00022620   ___TI_enable_exit_profile_output
ffffffff   ___TI_pprof_out_hndl
ffffffff   ___TI_prof_data_size
ffffffff   ___TI_prof_data_start
00020d28   ___T_Q2_3std8ios_base
000215d0   ___T_Q2_3std9type_info
00021388   ___T_Q3_3std6locale7_Locimp
0001e9c0   ___add_dtor
000220b0   ___atexit_func_id__
ffffffff   ___binit__
00000008   ___bss__
ffffffff   ___c_args__
00022658   ___cinit__
000045e4   ___ct__18firFilter__tm__2_fFUi
000047a4   ___ct__25firFilterWithLMS__tm__2_fFUi
00006260   ___ct__Q2_3std6_WinitFv
0001c200   ___ct__Q2_3std6localeFv
0000c2e0   ___ct__Q2_3std8_LocinfoFPCc
0000e300   ___ct__Q3_3std6locale7_LocimpFb
0000abc0   ___ct__Q3_3std8ios_base4InitFv
00000008   ___data__
0001f0c0   ___default_new_handler__Fv
0001f0e0   ___dl__FPv
0001f100   ___dla__FPv
00010180   ___dt__Q2_3std6_WinitFv
00014400   ___dt__Q2_3std8_LocinfoFv
00016b80   ___dt__Q2_3std8ios_baseFv
0001ec00   ___dt__Q2_3std9type_infoFv
000145e0   ___dt__Q3_3std6locale7_LocimpFv
00010480   ___dt__Q3_3std8ios_base4InitFv
00000008   ___edata__
00000008   ___end__
0001f6c0   ___etext__
0001e5c0   ___isinf
0001a920   ___nw__FUi
0001f120   ___nw__FUiPv
00000004   ___pinit__
0001f140   ___sti___11_locale0_cpp_36e19383
000173a0   ___sti___12_iostream_cpp_3a72482d
000147c0   ___sti___12_wiostrea_cpp_74e2bd13
000061d4   ___sti___8_main_cpp_main
00000020   ___text__
00021734   ___vtbl__Q2_3std8ios_base
00021744   ___vtbl__Q2_3std9type_info
00021794   ___vtbl__Q3_3std6locale7_Locimp
0001ed80   __args_main
00017c80   __auto_init
00016d20   __buff_read
0001c740   __c6xabi_divu
00019e60   __cleanup
00022618   __cleanup_ptr
00020848   __ctypes_
00007b80   __divd
0001ab20   __divli
0001c740   __divu
00011fa0   __divul
0000ea20   __divull
0001b6c0   __doflush
0002261c   __dtors_ptr
0001d620   __fixdli
0001dee0   __fltlid
0000f800   __frcmpyd_div
000220ac   __ft_end
00021f1c   __ftable
0001df60   __llshl
0001e620   __llshru
00022630   __lock
0001d6c0   __mpyll
0001f160   __negll
00022650   __new_handler
0001f180   __nop
0000bd60   __printfi
0001b960   __rd_ok
0001d760   __remli
00022fc8   __stack
0001e680   __subcull
000233c8   __sys_memory
0002200c   __tmpnams
00022600   __tz
00022634   __unlock
00018b40   __wrt_ok
0001f1e0   _abort
00005634   _add_input__tm__2_f__FRQ2_3std46deque__tm__33_Z1ZQ2_3std20allocator__tm__4_Z1ZZ1ZUi_v
0001ba40   _atexit
00018c80   _atoi
0001dfe0   _c_int00
00019f80   _call_dtors
0001bb20   _calloc
00021be8   _cerr__3std
00021b1c   _cin__3std
0000a560   _clear__Q2_3std8ios_baseFQ3_3std14_Iosb__tm__2_i8_Iostateb
00021c24   _clog__3std
0001a0a0   _close
0001c800   _copy_in
00021b5c   _cout__3std
0002264c   _dtors
00022640   _errno
0001a1c0   _exit
00017f40   _fclose
00018f00   _fflush
000180a0   _fgetc
0001e860   _fgetpos
0001f3e0   _fgetwc
0001d8a0   _fopen
00017200   _fputc
0000dba0   _fputs
0001f400   _fputwc
0000f120   _free
0001b320   _fseek
0001f420   _fsetpos
0001bc00   _ftell
0000b1c0   _fwrite
000180a0   _getc
000225e0   _id__Q2_3std17ctype__tm__2_c__S
000223d4   _id__Q2_3std17ctype__tm__2_w__S
000225b0   _id__Q2_3std18codecvt__tm__4_cci
000225dc   _id__Q2_3std21codecvt__tm__4_wci__S
000223d8   _id__S__Q2_3std96time_put__ps__5_wZ1Z__tm__68_Q2_3std58ostreambuf_iterator__tm__31_wQ2_3std20char_traits__tm__2_w
00019040   _lseek
0001a2e0   _ltoa
000061ac   _main
0000580c   _make_LMS__25firFilterWithLMS__tm__2_fFZ1ZT1_v
00005728   _make_filtering__18firFilter__tm__2_fCFv_Z1Z
00012d40   _malloc
0001e8c0   _mbrtowc
0001ee80   _mbtowc
0001e0e0   _memccpy
00012f80   _memcpy
0001e160   _memmove
0001a400   _memset
000217b4   _npos__Q2_3std78basic_string__tm__58_cQ2_3std20char_traits__tm__2_cQ2_3std18allocator__tm__2_c
00013600   _open
0001cd40   _printf
00017200   _putc
00019180   _read
0001d940   _readmsg
0001f500   _remove
0001e2e0   _setlocale
00014020   _setvbuf
0001e360   _strcmp
000213a8   _table_size__Q2_3std17ctype__tm__2_c__S
000192c0   _ungetc
0001e4e0   _ungetwc
0001db20   _unlink
00021e38   _wcerr__3std
00021dbc   _wcin__3std
00021e74   _wclog__3std
00021dfc   _wcout__3std
0001e920   _wcrtomb
0001f640   _wctomb
00018360   _wmemcpy
00005998   _work__tm__3_sf__Fv_v
00019400   _write
0001dbc0   _writemsg
ffffffff   binit
00022658   cinit
00000008   edata
00000008   end
0001f6c0   etext
00000004   pinit


GLOBAL SYMBOLS: SORTED BY Symbol Address 

address    name
--------   ----
00000001   __TI_args_main
00000004   ___pinit__
00000004   pinit
00000008   $bss
00000008   .bss
00000008   .data
00000008   ___bss__
00000008   ___data__
00000008   ___edata__
00000008   ___end__
00000008   edata
00000008   end
00000020   .text
00000020   ___text__
00000100   ___TID_Q2_3std8ios_base
00000101   ___TID_Q2_3std9exception
00000102   ___TID_Q2_3std13runtime_error
00000103   ___TID_Q3_3std8ios_base7failure
00000104   ___TID_Q2_3std14_Iosb__tm__2_i
00000105   ___TID_Q2_3std18codecvt__tm__4_cci
00000106   ___TID_Q2_3std52basic_filebuf__tm__31_cQ2_3std20char_traits__tm__2_c
00000107   ___TID_Q2_3std10ctype_base
00000108   ___TID_Q2_3std14ctype__tm__2_c
00000109   ___TID_Q3_3std6locale5facet
0000010a   ___TID_Q2_3std52basic_ostream__tm__31_cQ2_3std20char_traits__tm__2_c
0000010b   ___TID_Q2_3std52basic_istream__tm__31_cQ2_3std20char_traits__tm__2_c
0000010c   ___TID_Q2_3std48basic_ios__tm__31_cQ2_3std20char_traits__tm__2_c
0000010d   ___TID_Q2_3std12codecvt_base
0000010e   ___TID_Q2_3std54basic_streambuf__tm__31_cQ2_3std20char_traits__tm__2_c
0000010f   ___TID_Q3_3std6locale7_Locimp
00000110   ___TID_Q2_3std11logic_error
00000111   ___TID_Q2_3std12length_error
00000112   ___TID_Q2_3std12out_of_range
00000113   ___TID_Q2_3std48basic_ios__tm__31_wQ2_3std20char_traits__tm__2_w
00000114   ___TID_Q2_3std14ctype__tm__2_w
00000115   ___TID_Q2_3std52basic_ostream__tm__31_wQ2_3std20char_traits__tm__2_w
00000116   ___TID_Q2_3std18codecvt__tm__4_wci
00000117   ___TID_Q2_3std52basic_istream__tm__31_wQ2_3std20char_traits__tm__2_w
00000118   ___TID_Q2_3std54basic_streambuf__tm__31_wQ2_3std20char_traits__tm__2_w
00000119   ___TID_Q2_3std52basic_filebuf__tm__31_wQ2_3std20char_traits__tm__2_w
0000011a   ___TID_Q2_3std86money_get__tm__69_wQ2_3std58istreambuf_iterator__tm__31_wQ2_3std20char_traits__tm__2_w
0000011b   ___TID_Q2_3std86money_put__tm__69_wQ2_3std58ostreambuf_iterator__tm__31_wQ2_3std20char_traits__tm__2_w
0000011c   ___TID_Q2_3std9time_base
0000011d   ___TID_Q2_3std13messages_base
0000011e   ___TID_Q2_3std84num_get__tm__69_wQ2_3std58istreambuf_iterator__tm__31_wQ2_3std20char_traits__tm__2_w
0000011f   ___TID_Q2_3std10money_base
00000120   ___TID_Q2_3std17numpunct__tm__2_w
00000121   ___TID_Q2_3std28moneypunct__tm__10_wXCbL_1_0
00000122   ___TID_Q2_3std28moneypunct__tm__10_wXCbL_1_1
00000123   ___TID_Q2_3std17messages__tm__2_w
00000124   ___TID_Q2_3std84num_put__tm__69_wQ2_3std58ostreambuf_iterator__tm__31_wQ2_3std20char_traits__tm__2_w
00000125   ___TID_Q2_3std85time_get__tm__69_wQ2_3std58istreambuf_iterator__tm__31_wQ2_3std20char_traits__tm__2_w
00000126   ___TID_Q2_3std85time_put__tm__69_wQ2_3std58ostreambuf_iterator__tm__31_wQ2_3std20char_traits__tm__2_w
00000127   ___TID_Q2_3std16_Mpunct__tm__2_w
00000128   ___TID_Q2_3std16collate__tm__2_w
00000129   ___TID_Q2_3std9type_info
0000012a   ___TID_Q2_3std9bad_alloc
0000012b   ___TID_Q2_3std84num_put__tm__69_cQ2_3std58ostreambuf_iterator__tm__31_cQ2_3std20char_traits__tm__2_c
0000012c   ___TID_Q2_3std17numpunct__tm__2_c
0000012d   ___TID_Q2_3std84num_get__tm__69_cQ2_3std58istreambuf_iterator__tm__31_cQ2_3std20char_traits__tm__2_c
0000012e   ___TID_Q2_3std85time_get__tm__69_cQ2_3std58istreambuf_iterator__tm__31_cQ2_3std20char_traits__tm__2_c
0000012f   ___TID_Q2_3std86money_put__tm__69_cQ2_3std58ostreambuf_iterator__tm__31_cQ2_3std20char_traits__tm__2_c
00000130   ___TID_Q2_3std28moneypunct__tm__10_cXCbL_1_0
00000131   ___TID_Q2_3std28moneypunct__tm__10_cXCbL_1_1
00000132   ___TID_Q2_3std86money_get__tm__69_cQ2_3std58istreambuf_iterator__tm__31_cQ2_3std20char_traits__tm__2_c
00000133   ___TID_Q2_3std17messages__tm__2_c
00000134   ___TID_Q2_3std16_Mpunct__tm__2_c
00000135   ___TID_Q2_3std85time_put__tm__69_cQ2_3std58ostreambuf_iterator__tm__31_cQ2_3std20char_traits__tm__2_c
00000136   ___TID_Q2_3std16collate__tm__2_c
00000400   __STACK_SIZE
00000400   __SYSMEM_SIZE
000045e4   ___ct__18firFilter__tm__2_fFUi
000047a4   ___ct__25firFilterWithLMS__tm__2_fFUi
00005634   _add_input__tm__2_f__FRQ2_3std46deque__tm__33_Z1ZQ2_3std20allocator__tm__4_Z1ZZ1ZUi_v
00005728   _make_filtering__18firFilter__tm__2_fCFv_Z1Z
0000580c   _make_LMS__25firFilterWithLMS__tm__2_fFZ1ZT1_v
00005998   _work__tm__3_sf__Fv_v
000061ac   _main
000061d4   ___sti___8_main_cpp_main
00006260   ___ct__Q2_3std6_WinitFv
00007b80   __divd
0000a560   _clear__Q2_3std8ios_baseFQ3_3std14_Iosb__tm__2_i8_Iostateb
0000abc0   ___ct__Q3_3std8ios_base4InitFv
0000b1c0   _fwrite
0000bd60   __printfi
0000c2e0   ___ct__Q2_3std8_LocinfoFPCc
0000dba0   _fputs
0000e300   ___ct__Q3_3std6locale7_LocimpFb
0000ea20   __divull
0000f120   _free
0000f800   __frcmpyd_div
0000fb40   __Fiopen__3stdFPCcQ3_3std14_Iosb__tm__2_i9_Openmodei
0000fe60   __Init__Q2_3std6localeSFv
00010180   ___dt__Q2_3std6_WinitFv
00010480   ___dt__Q3_3std8ios_base4InitFv
00011fa0   __divul
00012d40   _malloc
00012f80   _memcpy
000131c0   _HOSTrename
00013600   _open
00013820   __Xlen__Q2_3std12_String_baseCFv
00013a20   __Xran__Q2_3std12_String_baseCFv
00014020   _setvbuf
00014220   __Getctyptab
00014400   ___dt__Q2_3std8_LocinfoFv
000145e0   ___dt__Q3_3std6locale7_LocimpFv
000147c0   ___sti___12_wiostrea_cpp_74e2bd13
00016b80   ___dt__Q2_3std8ios_baseFv
00016d20   __buff_read
00017200   _fputc
00017200   _putc
000173a0   ___sti___12_iostream_cpp_3a72482d
00017b20   _HOSTlseek
00017c80   __auto_init
00017f40   _fclose
000180a0   _fgetc
000180a0   _getc
00018360   _wmemcpy
00018780   _HOSTread
00018b40   __wrt_ok
00018c80   _atoi
00018f00   _fflush
00019040   _lseek
00019180   _read
000192c0   _ungetc
00019400   _write
00019680   _HOSTopen
000197a0   _HOSTwrite
00019e60   __cleanup
00019f80   _call_dtors
0001a0a0   _close
0001a1c0   _exit
0001a2e0   _ltoa
0001a400   _memset
0001a520   _HOSTclose
0001a620   _HOSTunlink
0001a720   __Fac_tidy
0001a820   __Tidy__Q2_3std8ios_baseFv
0001a920   ___nw__FUi
0001ab20   __divli
0001b320   _fseek
0001b6c0   __doflush
0001b960   __rd_ok
0001ba40   _atexit
0001bb20   _calloc
0001bc00   _ftell
0001c140   __Debug_message__3stdFPCcT1
0001c200   ___ct__Q2_3std6localeFv
0001c740   __c6xabi_divu
0001c740   __divu
0001c800   _copy_in
0001cd40   _printf
0001ce00   __Addstd__Q2_3std8ios_baseFv
0001cea0   __Callfns__Q2_3std8ios_baseFQ3_3std8ios_base5event
0001cf40   __Getfacet__Q2_3std6localeCFUi
0001d080   __Register__Q3_3std6locale5facetFv
0001d120   __Setgloballocale
0001d620   __fixdli
0001d6c0   __mpyll
0001d760   __remli
0001d8a0   _fopen
0001d940   _readmsg
0001db20   _unlink
0001dbc0   _writemsg
0001dc38   C$$IO$$
0001dc60   __Deletegloballocale
0001dd60   __Init__Q2_3std8ios_baseFv
0001dee0   __fltlid
0001df60   __llshl
0001dfe0   _c_int00
0001e0e0   _memccpy
0001e160   _memmove
0001e2e0   _setlocale
0001e360   _strcmp
0001e4e0   _ungetwc
0001e560   __Throw__3stdFRCQ2_3std9exception
0001e5c0   ___isinf
0001e620   __llshru
0001e680   __subcull
0001e860   _fgetpos
0001e8c0   _mbrtowc
0001e920   _wcrtomb
0001e9c0   ___add_dtor
0001ec00   ___dt__Q2_3std9type_infoFv
0001ed80   __args_main
0001ee80   _mbtowc
0001ef40   __Atexit
0001f020   __Getgloballocale
0001f0c0   ___default_new_handler__Fv
0001f0e0   ___dl__FPv
0001f100   ___dla__FPv
0001f120   ___nw__FUiPv
0001f140   ___sti___11_locale0_cpp_36e19383
0001f160   __negll
0001f180   __nop
0001f1e0   C$$EXIT
0001f1e0   _abort
0001f3e0   _fgetwc
0001f400   _fputwc
0001f420   _fsetpos
0001f500   _remove
0001f640   _wctomb
0001f6c0   ___etext__
0001f6c0   etext
00020848   __ctypes_
00020d28   ___T_Q2_3std8ios_base
00020d80   __BADOFF__3std
00021388   ___T_Q3_3std6locale7_Locimp
000213a8   _table_size__Q2_3std17ctype__tm__2_c__S
000215d0   ___T_Q2_3std9type_info
00021734   ___vtbl__Q2_3std8ios_base
00021744   ___vtbl__Q2_3std9type_info
00021794   ___vtbl__Q3_3std6locale7_Locimp
000217b4   _npos__Q2_3std78basic_string__tm__58_cQ2_3std20char_traits__tm__2_cQ2_3std18allocator__tm__2_c
00021a08   __PJP_CPP_Copyright
00021a68   __Init_cnt__Q3_3std8ios_base4Init
00021b1c   _cin__3std
00021b5c   _cout__3std
00021be8   _cerr__3std
00021c24   _clog__3std
00021cb8   __Init_cnt__Q2_3std6_Winit
00021dbc   _wcin__3std
00021dfc   _wcout__3std
00021e38   _wcerr__3std
00021e74   _wclog__3std
00021f1c   __ftable
0002200c   __tmpnams
000220ac   __ft_end
000220b0   ___atexit_func_id__
000223d4   _id__Q2_3std17ctype__tm__2_w__S
000223d8   _id__S__Q2_3std96time_put__ps__5_wZ1Z__tm__68_Q2_3std58ostreambuf_iterator__tm__31_wQ2_3std20char_traits__tm__2_w
00022438   __Index__Q2_3std8ios_base
0002243c   __Sync__Q2_3std8ios_base
00022440   __Fpz__3std
00022570   _C_locale
000225a4   __Psave__Q2_3std41_Facetptr__tm__24_Q2_3std14ctype__tm__2_c
000225a8   __Stz__Q2_3std13fpos__tm__2_i
000225ac   __Stinit__Q2_3std52basic_filebuf__tm__31_cQ2_3std20char_traits__tm__2_c
000225b0   _id__Q2_3std18codecvt__tm__4_cci
000225b4   __Psave__Q2_3std45_Facetptr__tm__28_Q2_3std18codecvt__tm__4_cci
000225d4   __Id_cnt__Q3_3std6locale2id
000225d8   __Clocptr__Q3_3std6locale7_Locimp
000225dc   _id__Q2_3std21codecvt__tm__4_wci__S
000225e0   _id__Q2_3std17ctype__tm__2_c__S
00022600   __tz
00022618   __cleanup_ptr
0002261c   __dtors_ptr
00022620   ___TI_enable_exit_profile_output
00022630   __lock
00022634   __unlock
00022640   _errno
00022648   __Raise_handler__3std
0002264c   _dtors
00022650   __new_handler
00022658   ___cinit__
00022658   cinit
00022fc8   __stack
000233c8   __STACK_END
000233c8   __sys_memory
000237c8   __CIOBUF_
ffffffff   ___TI_pprof_out_hndl
ffffffff   ___TI_prof_data_size
ffffffff   ___TI_prof_data_start
ffffffff   ___binit__
ffffffff   ___c_args__
ffffffff   binit

[266 symbols]
